Component: ARM Compiler 5.05 update 1 (build 106) Tool: armlink [4d0efa]

==============================================================================

Section Cross References

    main.o(.text) refers to dmul.o(.text) for __aeabi_dmul
    main.o(.text) refers to dadd.o(.text) for __aeabi_dadd
    main.o(.text) refers to sqrt.o(i.sqrt) for sqrt
    main.o(.text) refers to ddiv.o(.text) for __aeabi_ddiv
    main.o(.text) refers to cdcmple.o(.text) for __aeabi_cdcmple
    main.o(.text) refers to motor.o(.text) for MOTOR_SetDirection
    main.o(.text) refers to cdrcmple.o(.text) for __aeabi_cdrcmple
    main.o(.text) refers to hcsr04.o(.text) for HCSR04_Init
    main.o(.text) refers to delay.o(.text) for delay_init
    main.o(.text) refers to led.o(.text) for LED_Init
    main.o(.text) refers to usart.o(.text) for uart_init
    main.o(.text) refers to printfa.o(i.__0printf) for __2printf
    main.o(.text) refers to stm32f10x_tim.o(.text) for TIM_GetITStatus
    main.o(.text) refers to main.o(.data) for .data
    main.o(.text) refers to main.o(.bss) for .bss
    main.o(.text) refers to stm32f10x_rcc.o(.text) for RCC_APB2PeriphClockCmd
    main.o(.text) refers to main.o(.conststring) for .conststring
    system_stm32f10x.o(.text) refers to system_stm32f10x.o(.data) for .data
    startup_stm32f10x_hd.o(RESET) refers to startup_stm32f10x_hd.o(STACK) for __initial_sp
    startup_stm32f10x_hd.o(RESET) refers to startup_stm32f10x_hd.o(.text) for Reset_Handler
    startup_stm32f10x_hd.o(RESET) refers to stm32f10x_it.o(.text) for NMI_Handler
    startup_stm32f10x_hd.o(RESET) refers to usart.o(.text) for USART1_IRQHandler
    startup_stm32f10x_hd.o(RESET) refers to main.o(.text) for TIM5_IRQHandler
    startup_stm32f10x_hd.o(.text) refers to system_stm32f10x.o(.text) for SystemInit
    startup_stm32f10x_hd.o(.text) refers to entry.o(.ARM.Collect$$$$00000000) for __main
    stm32f10x_adc.o(.text) refers to stm32f10x_rcc.o(.text) for RCC_APB2PeriphResetCmd
    stm32f10x_bkp.o(.text) refers to stm32f10x_rcc.o(.text) for RCC_BackupResetCmd
    stm32f10x_can.o(.text) refers to stm32f10x_rcc.o(.text) for RCC_APB1PeriphResetCmd
    stm32f10x_cec.o(.text) refers to stm32f10x_rcc.o(.text) for RCC_APB1PeriphResetCmd
    stm32f10x_dac.o(.text) refers to stm32f10x_rcc.o(.text) for RCC_APB1PeriphResetCmd
    stm32f10x_gpio.o(.text) refers to stm32f10x_rcc.o(.text) for RCC_APB2PeriphResetCmd
    stm32f10x_i2c.o(.text) refers to stm32f10x_rcc.o(.text) for RCC_APB1PeriphResetCmd
    stm32f10x_pwr.o(.text) refers to stm32f10x_rcc.o(.text) for RCC_APB1PeriphResetCmd
    stm32f10x_rcc.o(.text) refers to stm32f10x_rcc.o(.data) for .data
    stm32f10x_spi.o(.text) refers to stm32f10x_rcc.o(.text) for RCC_APB2PeriphResetCmd
    stm32f10x_tim.o(.text) refers to stm32f10x_rcc.o(.text) for RCC_APB2PeriphResetCmd
    stm32f10x_usart.o(.text) refers to stm32f10x_rcc.o(.text) for RCC_APB2PeriphResetCmd
    stm32f10x_wwdg.o(.text) refers to stm32f10x_rcc.o(.text) for RCC_APB1PeriphResetCmd
    delay.o(.text) refers to misc.o(.text) for SysTick_CLKSourceConfig
    delay.o(.text) refers to system_stm32f10x.o(.data) for SystemCoreClock
    delay.o(.text) refers to delay.o(.data) for .data
    usart.o(.text) refers to stm32f10x_rcc.o(.text) for RCC_APB2PeriphClockCmd
    usart.o(.text) refers to stm32f10x_gpio.o(.text) for GPIO_Init
    usart.o(.text) refers to misc.o(.text) for NVIC_Init
    usart.o(.text) refers to stm32f10x_usart.o(.text) for USART_Init
    usart.o(.text) refers to usart.o(.data) for .data
    usart.o(.text) refers to usart.o(.bss) for .bss
    key.o(.text) refers to stm32f10x_rcc.o(.text) for RCC_APB2PeriphClockCmd
    key.o(.text) refers to stm32f10x_gpio.o(.text) for GPIO_Init
    key.o(.text) refers to delay.o(.text) for delay_ms
    key.o(.text) refers to key.o(.data) for .data
    led.o(.text) refers to stm32f10x_rcc.o(.text) for RCC_APB2PeriphClockCmd
    led.o(.text) refers to stm32f10x_gpio.o(.text) for GPIO_Init
    oled.o(.text) refers to stm32f10x_gpio.o(.text) for GPIO_SetBits
    oled.o(.text) refers to printfa.o(i.__0sprintf) for __2sprintf
    oled.o(.text) refers to malloc.o(i.free) for free
    oled.o(.text) refers to stm32f10x_rcc.o(.text) for RCC_APB2PeriphClockCmd
    oled.o(.text) refers to oled.o(.constdata) for .constdata
    oled.o(.text) refers to oled.o(.data) for .data
    hcsr04.o(.text) refers to stm32f10x_gpio.o(.text) for GPIO_Init
    hcsr04.o(.text) refers to stm32f10x_tim.o(.text) for TIM_TimeBaseInit
    hcsr04.o(.text) refers to misc.o(.text) for NVIC_Init
    hcsr04.o(.text) refers to delay.o(.text) for delay_us
    hcsr04.o(.text) refers to fflti.o(.text) for __aeabi_i2f
    hcsr04.o(.text) refers to fdiv.o(.text) for __aeabi_fdiv
    hcsr04.o(.text) refers to f2d.o(.text) for __aeabi_f2d
    motor.o(.text) refers to stm32f10x_rcc.o(.text) for RCC_APB2PeriphClockCmd
    motor.o(.text) refers to stm32f10x_gpio.o(.text) for GPIO_Init
[...]
    entry.o(.ARM.Collect$$$$00000000) refers (Special) to entry8b.o(.ARM.Collect$$$$0000000A) for _main_cpp_init
    entry.o(.ARM.Collect$$$$00000000) refers (Special) to entry9a.o(.ARM.Collect$$$$0000000B) for _main_init
    entry.o(.ARM.Collect$$$$00000000) refers (Special) to entry5.o(.ARM.Collect$$$$00000004) for _main_scatterload
    entry.o(.ARM.Collect$$$$00000000) refers (Special) to entry2.o(.ARM.Collect$$$$00000001) for _main_stk
    printfb.o(i.__0fprintf$bare) refers to printfb.o(i._printf_core) for _printf_core
    printfb.o(i.__0fprintf$bare) refers to usart.o(.text) for fputc
    printfb.o(i.__0printf$bare) refers to printfb.o(i._printf_core) for _printf_core
    printfb.o(i.__0printf$bare) refers to usart.o(.text) for fputc
    printfb.o(i.__0printf$bare) refers to usart.o(.data) for __stdout
    printfb.o(i.__0snprintf$bare) refers to printfb.o(i._printf_core) for _printf_core
    printfb.o(i.__0snprintf$bare) refers to printfb.o(i._snputc) for _snputc
    printfb.o(i.__0sprintf$bare) refers to printfb.o(i._printf_core) for _printf_core
    printfb.o(i.__0sprintf$bare) refers to printfb.o(i._sputc) for _sputc
    printfb.o(i.__0vfprintf$bare) refers to printfb.o(i._printf_core) for _printf_core
    printfb.o(i.__0vfprintf$bare) refers to usart.o(.text) for fputc
    printfb.o(i.__0vprintf$bare) refers to printfb.o(i._printf_core) for _printf_core
    printfb.o(i.__0vprintf$bare) refers to usart.o(.text) for fputc
    printfb.o(i.__0vprintf$bare) refers to usart.o(.data) for __stdout
    printfb.o(i.__0vsnprintf$bare) refers to printfb.o(i._printf_core) for _printf_core
    printfb.o(i.__0vsnprintf$bare) refers to printfb.o(i._snputc) for _snputc
    printfb.o(i.__0vsprintf$bare) refers to printfb.o(i._printf_core) for _printf_core
    printfb.o(i.__0vsprintf$bare) refers to printfb.o(i._sputc) for _sputc
    printf0.o(i.__0fprintf$0) refers to printf0.o(i._printf_core) for _printf_core
    printf0.o(i.__0fprintf$0) refers to usart.o(.text) for fputc
    printf0.o(i.__0printf$0) refers to printf0.o(i._printf_core) for _printf_core
    printf0.o(i.__0printf$0) refers to usart.o(.text) for fputc
    printf0.o(i.__0printf$0) refers to usart.o(.data) for __stdout
    printf0.o(i.__0snprintf$0) refers to printf0.o(i._printf_core) for _printf_core
    printf0.o(i.__0snprintf$0) refers to printf0.o(i._snputc) for _snputc
    printf0.o(i.__0sprintf$0) refers to printf0.o(i._printf_core) for _printf_core
    printf0.o(i.__0sprintf$0) refers to printf0.o(i._sputc) for _sputc
    printf0.o(i.__0vfprintf$0) refers to printf0.o(i._printf_core) for _printf_core
    printf0.o(i.__0vfprintf$0) refers to usart.o(.text) for fputc
    printf0.o(i.__0vprintf$0) refers to printf0.o(i._printf_core) for _printf_core
    printf0.o(i.__0vprintf$0) refers to usart.o(.text) for fputc
    printf0.o(i.__0vprintf$0) refers to usart.o(.data) for __stdout
    printf0.o(i.__0vsnprintf$0) refers to printf0.o(i._printf_core) for _printf_core
    printf0.o(i.__0vsnprintf$0) refers to printf0.o(i._snputc) for _snputc
    printf0.o(i.__0vsprintf$0) refers to printf0.o(i._printf_core) for _printf_core
    printf0.o(i.__0vsprintf$0) refers to printf0.o(i._sputc) for _sputc
    printf1.o(i.__0fprintf$1) refers to printf1.o(i._printf_core) for _printf_core
    printf1.o(i.__0fprintf$1) refers to usart.o(.text) for fputc
    printf1.o(i.__0printf$1) refers to printf1.o(i._printf_core) for _printf_core
    printf1.o(i.__0printf$1) refers to usart.o(.text) for fputc
    printf1.o(i.__0printf$1) refers to usart.o(.data) for __stdout
    printf1.o(i.__0snprintf$1) refers to printf1.o(i._printf_core) for _printf_core
    printf1.o(i.__0snprintf$1) refers to printf1.o(i._snputc) for _snputc
    printf1.o(i.__0sprintf$1) refers to printf1.o(i._printf_core) for _printf_core
    printf1.o(i.__0sprintf$1) refers to printf1.o(i._sputc) for _sputc
    printf1.o(i.__0vfprintf$1) refers to printf1.o(i._printf_core) for _printf_core
    printf1.o(i.__0vfprintf$1) refers to usart.o(.text) for fputc
    printf1.o(i.__0vprintf$1) refers to printf1.o(i._printf_core) for _printf_core
    printf1.o(i.__0vprintf$1) refers to usart.o(.text) for fputc
    printf1.o(i.__0vprintf$1) refers to usart.o(.data) for __stdout
    printf1.o(i.__0vsnprintf$1) refers to printf1.o(i._printf_core) for _printf_core
    printf1.o(i.__0vsnprintf$1) refers to printf1.o(i._snputc) for _snputc
    printf1.o(i.__0vsprintf$1) refers to printf1.o(i._printf_core) for _printf_core
    printf1.o(i.__0vsprintf$1) refers to printf1.o(i._sputc) for _sputc
    printf1.o(i._printf_core) refers to uidiv.o(.text) for __aeabi_uidivmod
    printf2.o(i.__0fprintf$2) refers to printf2.o(i._printf_core) for _printf_core
    printf2.o(i.__0fprintf$2) refers to usart.o(.text) for fputc
    printf2.o(i.__0printf$2) refers to printf2.o(i._printf_core) for _printf_core
    printf2.o(i.__0printf$2) refers to usart.o(.text) for fputc
    printf2.o(i.__0printf$2) refers to usart.o(.data) for __stdout
    printf2.o(i.__0snprintf$2) refers to printf2.o(i._printf_core) for _printf_core
    printf2.o(i.__0snprintf$2) refers to printf2.o(i._snputc) for _snputc
    printf2.o(i.__0sprintf$2) refers to printf2.o(i._printf_core) for _printf_core
    printf2.o(i.__0sprintf$2) refers to printf2.o(i._sputc) for _sputc
    printf2.o(i.__0vfprintf$2) refers to printf2.o(i._printf_core) for _printf_core
    printf2.o(i.__0vfprintf$2) refers to usart.o(.text) for fputc
    printf2.o(i.__0vprintf$2) refers to printf2.o(i._printf_core) for _printf_core
    printf2.o(i.__0vprintf$2) refers to usart.o(.text) for fputc
    printf2.o(i.__0vprintf$2) refers to usart.o(.data) for __stdout
    printf2.o(i.__0vsnprintf$2) refers to printf2.o(i._printf_core) for _printf_core
    printf2.o(i.__0vsnprintf$2) refers to printf2.o(i._snputc) for _snputc
    printf2.o(i.__0vsprintf$2) refers to printf2.o(i._printf_core) for _printf_core
    printf2.o(i.__0vsprintf$2) refers to printf2.o(i._sputc) for _sputc
    printf3.o(i.__0fprintf$3) refers to printf3.o(i._printf_core) for _printf_core
    printf3.o(i.__0fprintf$3) refers to usart.o(.text) for fputc
    printf3.o(i.__0printf$3) refers to printf3.o(i._printf_core) for _printf_core
    printf3.o(i.__0printf$3) refers to usart.o(.text) for fputc
    printf3.o(i.__0printf$3) refers to usart.o(.data) for __stdout
    printf3.o(i.__0snprintf$3) refers to printf3.o(i._printf_core) for _printf_core
    printf3.o(i.__0snprintf$3) refers to printf3.o(i._snputc) for _snputc
    printf3.o(i.__0sprintf$3) refers to printf3.o(i._printf_core) for _printf_core
    printf3.o(i.__0sprintf$3) refers to printf3.o(i._sputc) for _sputc
    printf3.o(i.__0vfprintf$3) refers to printf3.o(i._printf_core) for _printf_core
    printf3.o(i.__0vfprintf$3) refers to usart.o(.text) for fputc
    printf3.o(i.__0vprintf$3) refers to printf3.o(i._printf_core) for _printf_core
    printf3.o(i.__0vprintf$3) refers to usart.o(.text) for fputc
    printf3.o(i.__0vprintf$3) refers to usart.o(.data) for __stdout
    printf3.o(i.__0vsnprintf$3) refers to printf3.o(i._printf_core) for _printf_core
    printf3.o(i.__0vsnprintf$3) refers to printf3.o(i._snputc) for _snputc
    printf3.o(i.__0vsprintf$3) refers to printf3.o(i._printf_core) for _printf_core
    printf3.o(i.__0vsprintf$3) refers to printf3.o(i._sputc) for _sputc
    printf3.o(i._printf_core) refers to uidiv.o(.text) for __aeabi_uidivmod
    printf4.o(i.__0fprintf$4) refers to printf4.o(i._printf_core) for _printf_core
    printf4.o(i.__0fprintf$4) refers to usart.o(.text) for fputc
    printf4.o(i.__0printf$4) refers to printf4.o(i._printf_core) for _printf_core
    printf4.o(i.__0printf$4) refers to usart.o(.text) for fputc
    printf4.o(i.__0printf$4) refers to usart.o(.data) for __stdout
    printf4.o(i.__0snprintf$4) refers to printf4.o(i._printf_core) for _printf_core
    printf4.o(i.__0snprintf$4) refers to printf4.o(i._snputc) for _snputc
    printf4.o(i.__0sprintf$4) refers to printf4.o(i._printf_core) for _printf_core
    printf4.o(i.__0sprintf$4) refers to printf4.o(i._sputc) for _sputc
    printf4.o(i.__0vfprintf$4) refers to printf4.o(i._printf_core) for _printf_core
    printf4.o(i.__0vfprintf$4) refers to usart.o(.text) for fputc
    printf4.o(i.__0vprintf$4) refers to printf4.o(i._printf_core) for _printf_core
    printf4.o(i.__0vprintf$4) refers to usart.o(.text) for fputc
    printf4.o(i.__0vprintf$4) refers to usart.o(.data) for __stdout
    printf4.o(i.__0vsnprintf$4) refers to printf4.o(i._printf_core) for _printf_core
    printf4.o(i.__0vsnprintf$4) refers to printf4.o(i._snputc) for _snputc
    printf4.o(i.__0vsprintf$4) refers to printf4.o(i._printf_core) for _printf_core
    printf4.o(i.__0vsprintf$4) refers to printf4.o(i._sputc) for _sputc
    printf4.o(i._printf_core) refers to uldiv.o(.text) for __aeabi_uldivmod
    printf5.o(i.__0fprintf$5) refers to printf5.o(i._printf_core) for _printf_core
    printf5.o(i.__0fprintf$5) refers to usart.o(.text) for fputc
    printf5.o(i.__0printf$5) refers to printf5.o(i._printf_core) for _printf_core
    printf5.o(i.__0printf$5) refers to usart.o(.text) for fputc
    printf5.o(i.__0printf$5) refers to usart.o(.data) for __stdout
    printf5.o(i.__0snprintf$5) refers to printf5.o(i._printf_core) for _printf_core
    printf5.o(i.__0snprintf$5) refers to printf5.o(i._snputc) for _snputc
    printf5.o(i.__0sprintf$5) refers to printf5.o(i._printf_core) for _printf_core
    printf5.o(i.__0sprintf$5) refers to printf5.o(i._sputc) for _sputc
    printf5.o(i.__0vfprintf$5) refers to printf5.o(i._printf_core) for _printf_core
    printf5.o(i.__0vfprintf$5) refers to usart.o(.text) for fputc
    printf5.o(i.__0vprintf$5) refers to printf5.o(i._printf_core) for _printf_core
    printf5.o(i.__0vprintf$5) refers to usart.o(.text) for fputc
    printf5.o(i.__0vprintf$5) refers to usart.o(.data) for __stdout
    printf5.o(i.__0vsnprintf$5) refers to printf5.o(i._printf_core) for _printf_core
    printf5.o(i.__0vsnprintf$5) refers to printf5.o(i._snputc) for _snputc
    printf5.o(i.__0vsprintf$5) refers to printf5.o(i._printf_core) for _printf_core
    printf5.o(i.__0vsprintf$5) refers to printf5.o(i._sputc) for _sputc
    printf5.o(i._printf_core) refers to uldiv.o(.text) for __aeabi_uldivmod
    printf6.o(i.__0fprintf$6) refers to printf6.o(i._printf_core) for _printf_core
    printf6.o(i.__0fprintf$6) refers to usart.o(.text) for fputc
    printf6.o(i.__0printf$6) refers to printf6.o(i._printf_core) for _printf_core
    printf6.o(i.__0printf$6) refers to usart.o(.text) for fputc
    printf6.o(i.__0printf$6) refers to usart.o(.data) for __stdout
    printf6.o(i.__0snprintf$6) refers to printf6.o(i._printf_core) for _printf_core
    printf6.o(i.__0snprintf$6) refers to printf6.o(i._snputc) for _snputc
    printf6.o(i.__0sprintf$6) refers to printf6.o(i._printf_core) for _printf_core
    printf6.o(i.__0sprintf$6) refers to printf6.o(i._sputc) for _sputc
    printf6.o(i.__0vfprintf$6) refers to printf6.o(i._printf_core) for _printf_core
    printf6.o(i.__0vfprintf$6) refers to usart.o(.text) for fputc
    printf6.o(i.__0vprintf$6) refers to printf6.o(i._printf_core) for _printf_core
    printf6.o(i.__0vprintf$6) refers to usart.o(.text) for fputc
    printf6.o(i.__0vprintf$6) refers to usart.o(.data) for __stdout
    printf6.o(i.__0vsnprintf$6) refers to printf6.o(i._printf_core) for _printf_core
    printf6.o(i.__0vsnprintf$6) refers to printf6.o(i._snputc) for _snputc
    printf6.o(i.__0vsprintf$6) refers to printf6.o(i._printf_core) for _printf_core
    printf6.o(i.__0vsprintf$6) refers to printf6.o(i._sputc) for _sputc
    printf6.o(i._printf_core) refers to printf6.o(i._printf_pre_padding) for _printf_pre_padding
    printf6.o(i._printf_core) refers to uidiv.o(.text) for __aeabi_uidivmod
    printf6.o(i._printf_core) refers to printf6.o(i._printf_post_padding) for _printf_post_padding
    printf7.o(i.__0fprintf$7) refers to printf7.o(i._printf_core) for _printf_core
    printf7.o(i.__0fprintf$7) refers to usart.o(.text) for fputc
    printf7.o(i.__0printf$7) refers to printf7.o(i._printf_core) for _printf_core
    printf7.o(i.__0printf$7) refers to usart.o(.text) for fputc
    printf7.o(i.__0printf$7) refers to usart.o(.data) for __stdout
    printf7.o(i.__0snprintf$7) refers to printf7.o(i._printf_core) for _printf_core
    printf7.o(i.__0snprintf$7) refers to printf7.o(i._snputc) for _snputc
    printf7.o(i.__0sprintf$7) refers to printf7.o(i._printf_core) for _printf_core
    printf7.o(i.__0sprintf$7) refers to printf7.o(i._sputc) for _sputc
    printf7.o(i.__0vfprintf$7) refers to printf7.o(i._printf_core) for _printf_core
    printf7.o(i.__0vfprintf$7) refers to usart.o(.text) for fputc
    printf7.o(i.__0vprintf$7) refers to printf7.o(i._printf_core) for _printf_core
    printf7.o(i.__0vprintf$7) refers to usart.o(.text) for fputc
    printf7.o(i.__0vprintf$7) refers to usart.o(.data) for __stdout
    printf7.o(i.__0vsnprintf$7) refers to printf7.o(i._printf_core) for _printf_core
    printf7.o(i.__0vsnprintf$7) refers to printf7.o(i._snputc) for _snputc
    printf7.o(i.__0vsprintf$7) refers to printf7.o(i._printf_core) for _printf_core
    printf7.o(i.__0vsprintf$7) refers to printf7.o(i._sputc) for _sputc
    printf7.o(i._printf_core) refers to printf7.o(i._printf_pre_padding) for _printf_pre_padding
    printf7.o(i._printf_core) refers to uldiv.o(.text) for __aeabi_uldivmod
    printf7.o(i._printf_core) refers to printf7.o(i._printf_post_padding) for _printf_post_padding
    printf8.o(i.__0fprintf$8) refers to printf8.o(i._printf_core) for _printf_core
    printf8.o(i.__0fprintf$8) refers to usart.o(.text) for fputc
    printf8.o(i.__0printf$8) refers to printf8.o(i._printf_core) for _printf_core
    printf8.o(i.__0printf$8) refers to usart.o(.text) for fputc
    printf8.o(i.__0printf$8) refers to usart.o(.data) for __stdout
    printf8.o(i.__0snprintf$8) refers to printf8.o(i._printf_core) for _printf_core
    printf8.o(i.__0snprintf$8) refers to printf8.o(i._snputc) for _snputc
    printf8.o(i.__0sprintf$8) refers to printf8.o(i._printf_core) for _printf_core
    printf8.o(i.__0sprintf$8) refers to printf8.o(i._sputc) for _sputc
    printf8.o(i.__0vfprintf$8) refers to printf8.o(i._printf_core) for _printf_core
    printf8.o(i.__0vfprintf$8) refers to usart.o(.text) for fputc
    printf8.o(i.__0vprintf$8) refers to printf8.o(i._printf_core) for _printf_core
    printf8.o(i.__0vprintf$8) refers to usart.o(.text) for fputc
    printf8.o(i.__0vprintf$8) refers to usart.o(.data) for __stdout
    printf8.o(i.__0vsnprintf$8) refers to printf8.o(i._printf_core) for _printf_core
    printf8.o(i.__0vsnprintf$8) refers to printf8.o(i._snputc) for _snputc
    printf8.o(i.__0vsprintf$8) refers to printf8.o(i._printf_core) for _printf_core
    printf8.o(i.__0vsprintf$8) refers to printf8.o(i._sputc) for _sputc
    printf8.o(i._printf_core) refers to printf8.o(i._printf_pre_padding) for _printf_pre_padding
    printf8.o(i._printf_core) refers to uldiv.o(.text) for __aeabi_uldivmod
    printf8.o(i._printf_core) refers to printf8.o(i._printf_post_padding) for _printf_post_padding
    printfa.o(i.__0fprintf) refers (Special) to iusefp.o(.text) for __I$use$fp
    printfa.o(i.__0fprintf) refers to printfa.o(i._printf_core) for _printf_core
    printfa.o(i.__0fprintf) refers to usart.o(.text) for fputc
    printfa.o(i.__0printf) refers (Special) to iusefp.o(.text) for __I$use$fp
    printfa.o(i.__0printf) refers to printfa.o(i._printf_core) for _printf_core
    printfa.o(i.__0printf) refers to usart.o(.text) for fputc
    printfa.o(i.__0printf) refers to usart.o(.data) for __stdout
    printfa.o(i.__0snprintf) refers (Special) to iusefp.o(.text) for __I$use$fp
    printfa.o(i.__0snprintf) refers to printfa.o(i._printf_core) for _printf_core
    printfa.o(i.__0snprintf) refers to printfa.o(i._snputc) for _snputc
    printfa.o(i.__0sprintf) refers (Special) to iusefp.o(.text) for __I$use$fp
    printfa.o(i.__0sprintf) refers to printfa.o(i._printf_core) for _printf_core
    printfa.o(i.__0sprintf) refers to printfa.o(i._sputc) for _sputc
    printfa.o(i.__0vfprintf) refers (Special) to iusefp.o(.text) for __I$use$fp
    printfa.o(i.__0vfprintf) refers to printfa.o(i._printf_core) for _printf_core
    printfa.o(i.__0vfprintf) refers to usart.o(.text) for fputc
    printfa.o(i.__0vprintf) refers (Special) to iusefp.o(.text) for __I$use$fp
    printfa.o(i.__0vprintf) refers to printfa.o(i._printf_core) for _printf_core
    printfa.o(i.__0vprintf) refers to usart.o(.text) for fputc
    printfa.o(i.__0vprintf) refers to usart.o(.data) for __stdout
    printfa.o(i.__0vsnprintf) refers (Special) to iusefp.o(.text) for __I$use$fp
    printfa.o(i.__0vsnprintf) refers to printfa.o(i._printf_core) for _printf_core
    printfa.o(i.__0vsnprintf) refers to printfa.o(i._snputc) for _snputc
    printfa.o(i.__0vsprintf) refers (Special) to iusefp.o(.text) for __I$use$fp
    printfa.o(i.__0vsprintf) refers to printfa.o(i._printf_core) for _printf_core
    printfa.o(i.__0vsprintf) refers to printfa.o(i._sputc) for _sputc
    printfa.o(i._fp_digits) refers (Special) to iusefp.o(.text) for __I$use$fp
    printfa.o(i._fp_digits) refers to dmul.o(.text) for __aeabi_dmul
    printfa.o(i._fp_digits) refers to ddiv.o(.text) for __aeabi_ddiv
    printfa.o(i._fp_digits) refers to cdrcmple.o(.text) for __aeabi_cdrcmple
    printfa.o(i._fp_digits) refers to dadd.o(.text) for __aeabi_dadd
    printfa.o(i._fp_digits) refers to dfixul.o(.text) for __aeabi_d2ulz
    printfa.o(i._fp_digits) refers to uldiv.o(.text) for __aeabi_uldivmod
    printfa.o(i._printf_core) refers (Special) to iusefp.o(.text) for __I$use$fp
    printfa.o(i._printf_core) refers to printfa.o(i._printf_pre_padding) for _printf_pre_padding
    printfa.o(i._printf_core) refers to uldiv.o(.text) for __aeabi_uldivmod
    printfa.o(i._printf_core) refers to printfa.o(i._printf_post_padding) for _printf_post_padding
    printfa.o(i._printf_core) refers to printfa.o(i._fp_digits) for _fp_digits
    printfa.o(i._printf_core) refers to uidiv.o(.text) for __aeabi_uidivmod
    printfa.o(i._printf_post_padding) refers (Special) to iusefp.o(.text) for __I$use$fp
    printfa.o(i._printf_pre_padding) refers (Special) to iusefp.o(.text) for __I$use$fp
    printfa.o(i._snputc) refers (Special) to iusefp.o(.text) for __I$use$fp
    printfa.o(i._sputc) refers (Special) to iusefp.o(.text) for __I$use$fp
    malloc.o(i.free) refers to mvars.o(.data) for __microlib_freelist
    malloc.o(i.malloc) refers to mvars.o(.data) for __microlib_freelist_initialised
    malloc.o(i.malloc) refers to mvars.o(.data) for __microlib_freelist
    malloc.o(i.malloc) refers to startup_stm32f10x_hd.o(HEAP) for __heap_base
    mallocr.o(i.__free$realloc) refers to mvars.o(.data) for __microlib_freelist
    mallocr.o(i.__malloc$realloc) refers to mallocr.o(i.internal_alloc) for internal_alloc
    mallocr.o(i.__malloc$realloc) refers to mvars.o(.data) for __microlib_freelist_initialised
    mallocr.o(i.__malloc$realloc) refers to startup_stm32f10x_hd.o(HEAP) for __heap_base
    mallocr.o(i.__malloc$realloc) refers to mvars.o(.data) for __microlib_freelist
    mallocr.o(i.internal_alloc) refers to memcpya.o(.text) for __aeabi_memcpy
    mallocr.o(i.internal_alloc) refers to mvars.o(.data) for __microlib_freelist
    mallocr.o(i.realloc) refers to mallocr.o(i.__free$realloc) for __free$realloc
    mallocr.o(i.realloc) refers to mallocr.o(i.internal_alloc) for internal_alloc
    mallocr.o(i.realloc) refers to mallocr.o(i.__malloc$realloc) for __malloc$realloc
    mallocr.o(i.realloc) refers to mvars.o(.data) for __microlib_freelist
    malloca.o(i.__aligned_malloc) refers to mvars.o(.data) for __microlib_freelist_initialised
    malloca.o(i.__aligned_malloc) refers to mvars.o(.data) for __microlib_freelist
    malloca.o(i.__aligned_malloc) refers to startup_stm32f10x_hd.o(HEAP) for __heap_base
    malloca.o(i.__free$memalign) refers to mvars.o(.data) for __microlib_freelist
    malloca.o(i.__malloc$memalign) refers to malloca.o(i.__aligned_malloc) for __aligned_malloc
    mallocra.o(i.__aligned_malloc$realloc) refers to mallocra.o(i.internal_alloc) for internal_alloc
    mallocra.o(i.__aligned_malloc$realloc) refers to mvars.o(.data) for __microlib_freelist_initialised
    mallocra.o(i.__aligned_malloc$realloc) refers to startup_stm32f10x_hd.o(HEAP) for __heap_base
    mallocra.o(i.__aligned_malloc$realloc) refers to mvars.o(.data) for __microlib_freelist
    mallocra.o(i.__free$realloc$memalign) refers to mvars.o(.data) for __microlib_freelist
    mallocra.o(i.__malloc$realloc$memalign) refers to mallocra.o(i.__aligned_malloc$realloc) for __aligned_malloc$realloc
    mallocra.o(i.__realloc$memalign) refers to mallocra.o(i.__free$realloc$memalign) for __free$realloc$memalign
    mallocra.o(i.__realloc$memalign) refers to mallocra.o(i.internal_alloc) for internal_alloc
    mallocra.o(i.__realloc$memalign) refers to mallocra.o(i.__malloc$realloc$memalign) for __malloc$realloc$memalign
    mallocra.o(i.__realloc$memalign) refers to mvars.o(.data) for __microlib_freelist
    mallocra.o(i.internal_alloc) refers to memcpya.o(.text) for __aeabi_memcpy
    mallocra.o(i.internal_alloc) refers to mvars.o(.data) for __microlib_freelist
    fdiv.o(.text) refers (Special) to iusefp.o(.text) for __I$use$fp
    fdiv.o(.text) refers to fepilogue.o(.text) for _float_round
    dadd.o(.text) refers (Special) to iusefp.o(.text) for __I$use$fp
    dadd.o(.text) refers to llshl.o(.text) for __aeabi_llsl
    dadd.o(.text) refers to llsshr.o(.text) for __aeabi_lasr
    dadd.o(.text) refers to depilogue.o(.text) for _double_epilogue
    dmul.o(.text) refers (Special) to iusefp.o(.text) for __I$use$fp
    dmul.o(.text) refers to depilogue.o(.text) for _double_epilogue
    ddiv.o(.text) refers (Special) to iusefp.o(.text) for __I$use$fp
    ddiv.o(.text) refers to depilogue.o(.text) for _double_round
    fflti.o(.text) refers (Special) to iusefp.o(.text) for __I$use$fp
    fflti.o(.text) refers to fepilogue.o(.text) for _float_epilogue
    f2d.o(.text) refers (Special) to iusefp.o(.text) for __I$use$fp
    cdcmple.o(.text) refers (Special) to iusefp.o(.text) for __I$use$fp
    cdrcmple.o(.text) refers (Special) to iusefp.o(.text) for __I$use$fp
    entry2.o(.ARM.Collect$$$$00000001) refers to entry2.o(.ARM.Collect$$$$00002712) for __lit__00000000
    entry2.o(.ARM.Collect$$$$00002712) refers to startup_stm32f10x_hd.o(STACK) for __initial_sp
    entry2.o(__vectab_stack_and_reset_area) refers to startup_stm32f10x_hd.o(STACK) for __initial_sp
    entry2.o(__vectab_stack_and_reset_area) refers to entry.o(.ARM.Collect$$$$00000000) for __main
    entry5.o(.ARM.Collect$$$$00000004) refers to init.o(.text) for __scatterload
    entry9a.o(.ARM.Collect$$$$0000000B) refers to main.o(.text) for main
    entry9b.o(.ARM.Collect$$$$0000000C) refers to main.o(.text) for main
    uldiv.o(.text) refers to llushr.o(.text) for __aeabi_llsr
    uldiv.o(.text) refers to llshl.o(.text) for __aeabi_llsl
    errno.o(i.__aeabi_errno_addr) refers to errno.o(.data) for .data
    errno.o(i.__read_errno) refers to errno.o(.data) for .data
    errno.o(i.__set_errno) refers to errno.o(.data) for .data
    depilogue.o(.text) refers to llshl.o(.text) for __aeabi_llsl
    depilogue.o(.text) refers to llushr.o(.text) for __aeabi_llsr
    dsqrt.o(.text) refers to llushr.o(.text) for __aeabi_llsr
    dsqrt.o(.text) refers to depilogue.o(.text) for _double_round
    dfixul.o(.text) refers to llushr.o(.text) for __aeabi_llsr
    dfixul.o(.text) refers to llshl.o(.text) for __aeabi_llsl
    init.o(.text) refers to entry5.o(.ARM.Collect$$$$00000004) for __main_after_scatterload


==============================================================================

Removing Unused input sections from the image.

    Removing main.o(.data), (8 bytes).
    Removing main.o(.data), (8 bytes).
    Removing core_cm3.o(.emb_text), (32 bytes).
    Removing startup_stm32f10x_hd.o(HEAP), (512 bytes).
    Removing stm32f10x_adc.o(.text), (904 bytes).
    Removing stm32f10x_bkp.o(.text), (156 bytes).
    Removing stm32f10x_can.o(.text), (1980 bytes).
    Removing stm32f10x_cec.o(.text), (252 bytes).
    Removing stm32f10x_crc.o(.text), (64 bytes).
    Removing stm32f10x_dac.o(.text), (284 bytes).
    Removing stm32f10x_dbgmcu.o(.text), (44 bytes).
    Removing stm32f10x_dma.o(.text), (488 bytes).
    Removing stm32f10x_exti.o(.text), (236 bytes).
    Removing stm32f10x_flash.o(.text), (1188 bytes).
    Removing stm32f10x_fsmc.o(.text), (1206 bytes).
    Removing stm32f10x_i2c.o(.text), (912 bytes).
    Removing stm32f10x_iwdg.o(.text), (60 bytes).
    Removing stm32f10x_pwr.o(.text), (172 bytes).
    Removing stm32f10x_rtc.o(.text), (276 bytes).
    Removing stm32f10x_sdio.o(.text), (432 bytes).
    Removing stm32f10x_spi.o(.text), (692 bytes).
    Removing stm32f10x_wwdg.o(.text), (128 bytes).
    Removing sys.o(.emb_text), (6 bytes).
    Removing sys.o(.text), (12 bytes).
    Removing key.o(.text), (192 bytes).
    Removing key.o(.data), (1 bytes).
    Removing oled.o(.text), (1004 bytes).
    Removing oled.o(.constdata), (552 bytes).
    Removing oled.o(.constdata), (1520 bytes).
    Removing oled.o(.data), (512 bytes).

30 unused section(s) (total 13833 bytes) removed from the image.

==============================================================================

Image Symbol Table

    Local Symbols

    Symbol Name                              Value     Ov Type        Size  Object(Section)

    ../clib/microlib/division.c              0x00000000   Number         0  uldiv.o ABSOLUTE
    ../clib/microlib/division.c              0x00000000   Number         0  uidiv.o ABSOLUTE
    ../clib/microlib/errno.c                 0x00000000   Number         0  errno.o ABSOLUTE
    ../clib/microlib/init/entry.s            0x00000000   Number         0  entry11a.o ABSOLUTE
    ../clib/microlib/init/entry.s            0x00000000   Number         0  entry11b.o ABSOLUTE
    ../clib/microlib/init/entry.s            0x00000000   Number         0  entry8a.o ABSOLUTE
    ../clib/microlib/init/entry.s            0x00000000   Number         0  entry10b.o ABSOLUTE
    ../clib/microlib/init/entry.s            0x00000000   Number         0  entry10a.o ABSOLUTE
    ../clib/microlib/init/entry.s            0x00000000   Number         0  entry9b.o ABSOLUTE
    ../clib/microlib/init/entry.s            0x00000000   Number         0  entry9a.o ABSOLUTE
    ../clib/microlib/init/entry.s            0x00000000   Number         0  entry8b.o ABSOLUTE
    ../clib/microlib/init/entry.s            0x00000000   Number         0  entry7b.o ABSOLUTE
    ../clib/microlib/init/entry.s            0x00000000   Number         0  entry7a.o ABSOLUTE
    ../clib/microlib/init/entry.s            0x00000000   Number         0  entry5.o ABSOLUTE
    ../clib/microlib/init/entry.s            0x00000000   Number         0  entry2.o ABSOLUTE
    ../clib/microlib/init/entry.s            0x00000000   Number         0  entry.o ABSOLUTE
    ../clib/microlib/longlong.c              0x00000000   Number         0  llsshr.o ABSOLUTE
    ../clib/microlib/longlong.c              0x00000000   Number         0  llshl.o ABSOLUTE
    ../clib/microlib/longlong.c              0x00000000   Number         0  llushr.o ABSOLUTE
    ../clib/microlib/malloc/malloc.c         0x00000000   Number         0  malloc.o ABSOLUTE
    ../clib/microlib/malloc/malloc.c         0x00000000   Number         0  mallocr.o ABSOLUTE
    ../clib/microlib/malloc/malloc.c         0x00000000   Number         0  malloca.o ABSOLUTE
    ../clib/microlib/malloc/malloc.c         0x00000000   Number         0  mallocra.o ABSOLUTE
    ../clib/microlib/malloc/mvars.c          0x00000000   Number         0  mvars.o ABSOLUTE
    ../clib/microlib/printf/printf.c         0x00000000   Number         0  printf7.o ABSOLUTE
    ../clib/microlib/printf/printf.c         0x00000000   Number         0  printfa.o ABSOLUTE
    ../clib/microlib/printf/printf.c         0x00000000   Number         0  printf8.o ABSOLUTE
    ../clib/microlib/printf/printf.c         0x00000000   Number         0  printfb.o ABSOLUTE
    ../clib/microlib/printf/printf.c         0x00000000   Number         0  printf0.o ABSOLUTE
    ../clib/microlib/printf/printf.c         0x00000000   Number         0  printf2.o ABSOLUTE
    ../clib/microlib/printf/printf.c         0x00000000   Number         0  printf3.o ABSOLUTE
    ../clib/microlib/printf/printf.c         0x00000000   Number         0  printf4.o ABSOLUTE
    ../clib/microlib/printf/printf.c         0x00000000   Number         0  printf5.o ABSOLUTE
    ../clib/microlib/printf/printf.c         0x00000000   Number         0  printf6.o ABSOLUTE
    ../clib/microlib/printf/printf.c         0x00000000   Number         0  printf1.o ABSOLUTE
    ../clib/microlib/printf/stubs.s          0x00000000   Number         0  stubs.o ABSOLUTE
    ../clib/microlib/string/memcpy.c         0x00000000   Number         0  memcpya.o ABSOLUTE
    ../clib/microlib/string/memcpy.c         0x00000000   Number         0  memcpyb.o ABSOLUTE
    ../clib/microlib/stubs.s                 0x00000000   Number         0  useno.o ABSOLUTE
    ../clib/microlib/stubs.s                 0x00000000   Number         0  iusefp.o ABSOLUTE
    ../fplib/microlib/f2d.c                  0x00000000   Number         0  f2d.o ABSOLUTE
    ../fplib/microlib/fpadd.c                0x00000000   Number         0  dadd.o ABSOLUTE
    ../fplib/microlib/fpdiv.c                0x00000000   Number         0  fdiv.o ABSOLUTE
    ../fplib/microlib/fpdiv.c                0x00000000   Number         0  ddiv.o ABSOLUTE
    ../fplib/microlib/fpepilogue.c           0x00000000   Number         0  depilogue.o ABSOLUTE
    ../fplib/microlib/fpepilogue.c           0x00000000   Number         0  fepilogue.o ABSOLUTE
    ../fplib/microlib/fpfix.c                0x00000000   Number         0  dfixul.o ABSOLUTE
    ../fplib/microlib/fpflt.c                0x00000000   Number         0  fflti.o ABSOLUTE
    ../fplib/microlib/fpmul.c                0x00000000   Number         0  dmul.o ABSOLUTE
    ../fplib/microlib/fpsqrt.c               0x00000000   Number         0  dsqrt.o ABSOLUTE
    ../mathlib/sqrt.c                        0x00000000   Number         0  sqrt_x.o ABSOLUTE
    ../mathlib/sqrt.c                        0x00000000   Number         0  sqrt.o ABSOLUTE
    ..\CORE\core_cm3.c                       0x00000000   Number         0  core_cm3.o ABSOLUTE
    ..\CORE\startup_stm32f10x_hd.s           0x00000000   Number         0  startup_stm32f10x_hd.o ABSOLUTE
    ..\HARDWARE\key\key.c                    0x00000000   Number         0  key.o ABSOLUTE
    ..\HARDWARE\led\led.c                    0x00000000   Number         0  led.o ABSOLUTE
    ..\HARDWARE\motor\motor.c                0x00000000   Number         0  motor.o ABSOLUTE
    ..\HARDWARE\neolux\neolux.c              0x00000000   Number         0  neolux.o ABSOLUTE
    ..\HARDWARE\oled\oled.c                  0x00000000   Number         0  oled.o ABSOLUTE
    ..\HARDWARE\ultrasonic\hcsr04.c          0x00000000   Number         0  hcsr04.o ABSOLUTE
    ..\STM32F10x_FWLib\src\misc.c            0x00000000   Number         0  misc.o ABSOLUTE
    ..\STM32F10x_FWLib\src\stm32f10x_adc.c   0x00000000   Number         0  stm32f10x_adc.o ABSOLUTE
    ..\STM32F10x_FWLib\src\stm32f10x_bkp.c   0x00000000   Number         0  stm32f10x_bkp.o ABSOLUTE
    ..\STM32F10x_FWLib\src\stm32f10x_can.c   0x00000000   Number         0  stm32f10x_can.o ABSOLUTE
    ..\STM32F10x_FWLib\src\stm32f10x_cec.c   0x00000000   Number         0  stm32f10x_cec.o ABSOLUTE
    ..\STM32F10x_FWLib\src\stm32f10x_crc.c   0x00000000   Number         0  stm32f10x_crc.o ABSOLUTE
    ..\STM32F10x_FWLib\src\stm32f10x_dac.c   0x00000000   Number         0  stm32f10x_dac.o ABSOLUTE
    ..\STM32F10x_FWLib\src\stm32f10x_dbgmcu.c 0x00000000   Number         0  stm32f10x_dbgmcu.o ABSOLUTE
    ..\STM32F10x_FWLib\src\stm32f10x_dma.c   0x00000000   Number         0  stm32f10x_dma.o ABSOLUTE
    ..\STM32F10x_FWLib\src\stm32f10x_exti.c  0x00000000   Number         0  stm32f10x_exti.o ABSOLUTE
    ..\STM32F10x_FWLib\src\stm32f10x_flash.c 0x00000000   Number         0  stm32f10x_flash.o ABSOLUTE
    ..\STM32F10x_FWLib\src\stm32f10x_fsmc.c  0x00000000   Number         0  stm32f10x_fsmc.o ABSOLUTE
    ..\STM32F10x_FWLib\src\stm32f10x_gpio.c  0x00000000   Number         0  stm32f10x_gpio.o ABSOLUTE
    ..\STM32F10x_FWLib\src\stm32f10x_i2c.c   0x00000000   Number         0  stm32f10x_i2c.o ABSOLUTE
    ..\STM32F10x_FWLib\src\stm32f10x_iwdg.c  0x00000000   Number         0  stm32f10x_iwdg.o ABSOLUTE
    ..\STM32F10x_FWLib\src\stm32f10x_pwr.c   0x00000000   Number         0  stm32f10x_pwr.o ABSOLUTE
    ..\STM32F10x_FWLib\src\stm32f10x_rcc.c   0x00000000   Number         0  stm32f10x_rcc.o ABSOLUTE
    ..\STM32F10x_FWLib\src\stm32f10x_rtc.c   0x00000000   Number         0  stm32f10x_rtc.o ABSOLUTE
    ..\STM32F10x_FWLib\src\stm32f10x_sdio.c  0x00000000   Number         0  stm32f10x_sdio.o ABSOLUTE
    ..\STM32F10x_FWLib\src\stm32f10x_spi.c   0x00000000   Number         0  stm32f10x_spi.o ABSOLUTE
    ..\STM32F10x_FWLib\src\stm32f10x_tim.c   0x00000000   Number         0  stm32f10x_tim.o ABSOLUTE
    ..\STM32F10x_FWLib\src\stm32f10x_usart.c 0x00000000   Number         0  stm32f10x_usart.o ABSOLUTE
    ..\STM32F10x_FWLib\src\stm32f10x_wwdg.c  0x00000000   Number         0  stm32f10x_wwdg.o ABSOLUTE
    ..\SYSTEM\delay\delay.c                  0x00000000   Number         0  delay.o ABSOLUTE
    ..\SYSTEM\sys\sys.c                      0x00000000   Number         0  sys.o ABSOLUTE
    ..\SYSTEM\usart\usart.c                  0x00000000   Number         0  usart.o ABSOLUTE
    ..\\CORE\\core_cm3.c                     0x00000000   Number         0  core_cm3.o ABSOLUTE
    ..\\SYSTEM\\sys\\sys.c                   0x00000000   Number         0  sys.o ABSOLUTE
    cdcmple.s                                0x00000000   Number         0  cdcmple.o ABSOLUTE
    cdrcmple.s                               0x00000000   Number         0  cdrcmple.o ABSOLUTE
    dc.s                                     0x00000000   Number         0  dc.o ABSOLUTE
    handlers.s                               0x00000000   Number         0  handlers.o ABSOLUTE
    init.s                                   0x00000000   Number         0  init.o ABSOLUTE
    main.c                                   0x00000000   Number         0  main.o ABSOLUTE
    stm32f10x_it.c                           0x00000000   Number         0  stm32f10x_it.o ABSOLUTE
    system_stm32f10x.c                       0x00000000   Number         0  system_stm32f10x.o ABSOLUTE
    RESET                                    0x08000000   Section      304  startup_stm32f10x_hd.o(RESET)
    .ARM.Collect$$$$00000000                 0x08000130   Section        0  entry.o(.ARM.Collect$$$$00000000)
    .ARM.Collect$$$$00000001                 0x08000130   Section        4  entry2.o(.ARM.Collect$$$$00000001)
    .ARM.Collect$$$$00000004                 0x08000134   Section        4  entry5.o(.ARM.Collect$$$$00000004)
    .ARM.Collect$$$$00000008                 0x08000138   Section        0  entry7b.o(.ARM.Collect$$$$00000008)
    .ARM.Collect$$$$0000000A                 0x08000138   Section        0  entry8b.o(.ARM.Collect$$$$0000000A)
    .ARM.Collect$$$$0000000B                 0x08000138   Section        8  entry9a.o(.ARM.Collect$$$$0000000B)
    .ARM.Collect$$$$0000000D                 0x08000140   Section        0  entry10a.o(.ARM.Collect$$$$0000000D)
    .ARM.Collect$$$$0000000F                 0x08000140   Section        0  entry11a.o(.ARM.Collect$$$$0000000F)
    .ARM.Collect$$$$00002712                 0x08000140   Section        4  entry2.o(.ARM.Collect$$$$00002712)
    __lit__00000000                          0x08000140   Data           4  entry2.o(.ARM.Collect$$$$00002712)
    .text                                    0x08000144   Section        0  main.o(.text)
    .text                                    0x080005a0   Section        0  stm32f10x_it.o(.text)
    .text                                    0x080005b4   Section        0  system_stm32f10x.o(.text)
    SetSysClockTo72                          0x080005b5   Thumb Code   166  system_stm32f10x.o(.text)
    SetSysClock                              0x0800065b   Thumb Code     2  system_stm32f10x.o(.text)
    .text                                    0x08000728   Section       36  startup_stm32f10x_hd.o(.text)
    .text                                    0x0800074c   Section        0  misc.o(.text)
    .text                                    0x08000804   Section        0  stm32f10x_gpio.o(.text)
    .text                                    0x08000a9c   Section        0  stm32f10x_rcc.o(.text)
    .text                                    0x08000d90   Section        0  stm32f10x_tim.o(.text)
    TI4_Config                               0x080011f9   Thumb Code   102  stm32f10x_tim.o(.text)
    TI3_Config                               0x0800126f   Thumb Code    98  stm32f10x_tim.o(.text)
    TI2_Config                               0x080012e9   Thumb Code   102  stm32f10x_tim.o(.text)
    TI1_Config                               0x0800135f   Thumb Code    94  stm32f10x_tim.o(.text)
    .text                                    0x080019bc   Section        0  stm32f10x_usart.o(.text)
    .text                                    0x08001d58   Section        0  delay.o(.text)
    .text                                    0x08001df0   Section        0  usart.o(.text)
    .text                                    0x08001f08   Section        0  led.o(.text)
    .text                                    0x08001f88   Section        0  hcsr04.o(.text)
    .text                                    0x080020ac   Section        0  motor.o(.text)
    .text                                    0x080021fe   Section        0  fdiv.o(.text)
    .text                                    0x0800227a   Section        0  dadd.o(.text)
    .text                                    0x080023c8   Section        0  dmul.o(.text)
    .text                                    0x080024ac   Section        0  ddiv.o(.text)
    .text                                    0x0800258a   Section        0  fflti.o(.text)
    .text                                    0x0800259c   Section        0  f2d.o(.text)
    .text                                    0x080025c4   Section       48  cdcmple.o(.text)
    .text                                    0x080025f4   Section       48  cdrcmple.o(.text)
    .text                                    0x08002624   Section        0  uidiv.o(.text)
    .text                                    0x08002650   Section        0  uldiv.o(.text)
    .text                                    0x080026b2   Section        0  llshl.o(.text)
    .text                                    0x080026d0   Section        0  llsshr.o(.text)
    .text                                    0x080026f4   Section        0  fepilogue.o(.text)
    .text                                    0x080026f4   Section        0  iusefp.o(.text)
    .text                                    0x08002762   Section        0  depilogue.o(.text)
    .text                                    0x0800281c   Section        0  dsqrt.o(.text)
    .text                                    0x080028be   Section        0  dfixul.o(.text)
    .text                                    0x080028f0   Section       36  init.o(.text)
    .text                                    0x08002914   Section        0  llushr.o(.text)
    i.__0printf                              0x08002934   Section        0  printfa.o(i.__0printf)
    i.__scatterload_copy                     0x08002954   Section       14  handlers.o(i.__scatterload_copy)
    i.__scatterload_null                     0x08002962   Section        2  handlers.o(i.__scatterload_null)
    i.__scatterload_zeroinit                 0x08002964   Section       14  handlers.o(i.__scatterload_zeroinit)
    i.__set_errno                            0x08002974   Section        0  errno.o(i.__set_errno)
    i._fp_digits                             0x08002980   Section        0  printfa.o(i._fp_digits)
    _fp_digits                               0x08002981   Thumb Code   334  printfa.o(i._fp_digits)
    i._printf_core                           0x08002ae4   Section        0  printfa.o(i._printf_core)
    _printf_core                             0x08002ae5   Thumb Code  1744  printfa.o(i._printf_core)
    i._printf_post_padding                   0x080031c0   Section        0  printfa.o(i._printf_post_padding)
    _printf_post_padding                     0x080031c1   Thumb Code    36  printfa.o(i._printf_post_padding)
    i._printf_pre_padding                    0x080031e4   Section        0  printfa.o(i._printf_pre_padding)
    _printf_pre_padding                      0x080031e5   Thumb Code    46  printfa.o(i._printf_pre_padding)
    i.sqrt                                   0x08003212   Section        0  sqrt.o(i.sqrt)
    .conststring                             0x08003260   Section     1219  main.o(.conststring)
    .data                                    0x20000000   Section       24  main.o(.data)
    .data                                    0x20000018   Section       20  system_stm32f10x.o(.data)
    .data                                    0x2000002c   Section       20  stm32f10x_rcc.o(.data)
    ADCPrescTable                            0x2000002c   Data           4  stm32f10x_rcc.o(.data)
    APBAHBPrescTable                         0x20000030   Data          16  stm32f10x_rcc.o(.data)
    .data                                    0x20000040   Section        4  delay.o(.data)
    fac_us                                   0x20000040   Data           1  delay.o(.data)
    fac_ms                                   0x20000042   Data           2  delay.o(.data)
    .data                                    0x20000044   Section        2  usart.o(.data)
    .data                                    0x20000048   Section        4  usart.o(.data)
    .data                                    0x2000004c   Section        4  errno.o(.data)
    _errno                                   0x2000004c   Data           4  errno.o(.data)
    .bss                                     0x20000050   Section      280  main.o(.bss)
    .bss                                     0x20000168   Section      200  usart.o(.bss)
    STACK                                    0x20000230   Section     1024  startup_stm32f10x_hd.o(STACK)

    Global Symbols

    Symbol Name                              Value     Ov Type        Size  Object(Section)

    BuildAttributes$$THM_ISAv4$P$D$K$B$S$PE$A:L22UL41UL21$X:L11$S22US41US21$IEEE1$IW$USESV6$~STKCKD$USESV7$~SHL$OTIME$ROPI$IEEEJ$EBA8$MICROLIB$REQ8$PRES8$EABIv2 0x00000000   Number         0  anon$$obj.o ABSOLUTE
    __ARM_use_no_argv                        0x00000000   Number         0  main.o ABSOLUTE
    __use_no_errno                           0x00000000   Number         0  useno.o ABSOLUTE
    __use_no_exception_handling              0x00000000   Number         0  useno.o ABSOLUTE
    __use_no_fp                              0x00000000   Number         0  useno.o ABSOLUTE
    __use_no_heap                            0x00000000   Number         0  useno.o ABSOLUTE
    __use_no_heap_region                     0x00000000   Number         0  useno.o ABSOLUTE
    __use_no_semihosting                     0x00000000   Number         0  useno.o ABSOLUTE
    __use_no_semihosting_swi                 0x00000000   Number         0  useno.o ABSOLUTE
    __use_no_signal_handling                 0x00000000   Number         0  useno.o ABSOLUTE
    _printf_a                                0x00000000   Number         0  stubs.o ABSOLUTE
    _printf_c                                0x00000000   Number         0  stubs.o ABSOLUTE
    _printf_charcount                        0x00000000   Number         0  stubs.o ABSOLUTE
    _printf_d                                0x00000000   Number         0  stubs.o ABSOLUTE
    _printf_e                                0x00000000   Number         0  stubs.o ABSOLUTE
    _printf_f                                0x00000000   Number         0  stubs.o ABSOLUTE
    _printf_flags                            0x00000000   Number         0  stubs.o ABSOLUTE
    _printf_fp_dec                           0x00000000   Number         0  stubs.o ABSOLUTE
    _printf_fp_hex                           0x00000000   Number         0  stubs.o ABSOLUTE
    _printf_g                                0x00000000   Number         0  stubs.o ABSOLUTE
    _printf_i                                0x00000000   Number         0  stubs.o ABSOLUTE
    _printf_int_dec                          0x00000000   Number         0  stubs.o ABSOLUTE
    _printf_l                                0x00000000   Number         0  stubs.o ABSOLUTE
    _printf_lc                               0x00000000   Number         0  stubs.o ABSOLUTE
    _printf_ll                               0x00000000   Number         0  stubs.o ABSOLUTE
    _printf_lld                              0x00000000   Number         0  stubs.o ABSOLUTE
    _printf_lli                              0x00000000   Number         0  stubs.o ABSOLUTE
    _printf_llo                              0x00000000   Number         0  stubs.o ABSOLUTE
    _printf_llu                              0x00000000   Number         0  stubs.o ABSOLUTE
    _printf_llx                              0x00000000   Number         0  stubs.o ABSOLUTE
    _printf_longlong_dec                     0x00000000   Number         0  stubs.o ABSOLUTE
    _printf_longlong_hex                     0x00000000   Number         0  stubs.o ABSOLUTE
    _printf_longlong_oct                     0x00000000   Number         0  stubs.o ABSOLUTE
    _printf_ls                               0x00000000   Number         0  stubs.o ABSOLUTE
    _printf_mbtowc                           0x00000000   Number         0  stubs.o ABSOLUTE
    _printf_n                                0x00000000   Number         0  stubs.o ABSOLUTE
    _printf_o                                0x00000000   Number         0  stubs.o ABSOLUTE
    _printf_p                                0x00000000   Number         0  stubs.o ABSOLUTE
    _printf_percent                          0x00000000   Number         0  stubs.o ABSOLUTE
    _printf_pre_padding                      0x00000000   Number         0  stubs.o ABSOLUTE
    _printf_return_value                     0x00000000   Number         0  stubs.o ABSOLUTE
    _printf_s                                0x00000000   Number         0  stubs.o ABSOLUTE
    _printf_sizespec                         0x00000000   Number         0  stubs.o ABSOLUTE
    _printf_str                              0x00000000   Number         0  stubs.o ABSOLUTE
    _printf_truncate_signed                  0x00000000   Number         0  stubs.o ABSOLUTE
    _printf_truncate_unsigned                0x00000000   Number         0  stubs.o ABSOLUTE
    _printf_u                                0x00000000   Number         0  stubs.o ABSOLUTE
    _printf_wc                               0x00000000   Number         0  stubs.o ABSOLUTE
    _printf_wctomb                           0x00000000   Number         0  stubs.o ABSOLUTE
    _printf_widthprec                        0x00000000   Number         0  stubs.o ABSOLUTE
    _printf_x                                0x00000000   Number         0  stubs.o ABSOLUTE
    __cpp_initialize__aeabi_                  - Undefined Weak Reference
    __cxa_finalize                            - Undefined Weak Reference
    __decompress                              - Undefined Weak Reference
    _clock_init                               - Undefined Weak Reference
    _microlib_exit                            - Undefined Weak Reference
    __Vectors_Size                           0x00000130   Number         0  startup_stm32f10x_hd.o ABSOLUTE
    __Vectors                                0x08000000   Data           4  startup_stm32f10x_hd.o(RESET)
    __Vectors_End                            0x08000130   Data           0  startup_stm32f10x_hd.o(RESET)
    __main                                   0x08000131   Thumb Code     0  entry.o(.ARM.Collect$$$$00000000)
    _main_stk                                0x08000131   Thumb Code     0  entry2.o(.ARM.Collect$$$$00000001)
    _main_scatterload                        0x08000135   Thumb Code     0  entry5.o(.ARM.Collect$$$$00000004)
    __main_after_scatterload                 0x08000139   Thumb Code     0  entry5.o(.ARM.Collect$$$$00000004)
    _main_clock                              0x08000139   Thumb Code     0  entry7b.o(.ARM.Collect$$$$00000008)
    _main_cpp_init                           0x08000139   Thumb Code     0  entry8b.o(.ARM.Collect$$$$0000000A)
    _main_init                               0x08000139   Thumb Code     0  entry9a.o(.ARM.Collect$$$$0000000B)
    __rt_final_cpp                           0x08000141   Thumb Code     0  entry10a.o(.ARM.Collect$$$$0000000D)
    __rt_final_exit                          0x08000141   Thumb Code     0  entry11a.o(.ARM.Collect$$$$0000000F)
    getDiagonalDistance                      0x08000145   Thumb Code    80  main.o(.text)
    Dir_Ctrl                                 0x08000195   Thumb Code   350  main.o(.text)
    MOTOR_Dir_Init                           0x080002f3   Thumb Code   136  main.o(.text)
    HCSR_Dir_Init                            0x0800037b   Thumb Code   180  main.o(.text)
    main                                     0x0800042f   Thumb Code   144  main.o(.text)
    TIM7_IRQHandler                          0x080004bf   Thumb Code    36  main.o(.text)
    TIM5_IRQHandler                          0x080004e3   Thumb Code    36  main.o(.text)
    TIM6_IRQHandler                          0x08000507   Thumb Code    36  main.o(.text)
    NMI_Handler                              0x080005a1   Thumb Code     2  stm32f10x_it.o(.text)
    HardFault_Handler                        0x080005a3   Thumb Code     2  stm32f10x_it.o(.text)
    MemManage_Handler                        0x080005a5   Thumb Code     2  stm32f10x_it.o(.text)
    BusFault_Handler                         0x080005a7   Thumb Code     2  stm32f10x_it.o(.text)
    UsageFault_Handler                       0x080005a9   Thumb Code     2  stm32f10x_it.o(.text)
    SVC_Handler                              0x080005ab   Thumb Code     2  stm32f10x_it.o(.text)
    DebugMon_Handler                         0x080005ad   Thumb Code     2  stm32f10x_it.o(.text)
    PendSV_Handler                           0x080005af   Thumb Code     2  stm32f10x_it.o(.text)
    SysTick_Handler                          0x080005b1   Thumb Code     2  stm32f10x_it.o(.text)
    SystemInit                               0x0800065d   Thumb Code    64  system_stm32f10x.o(.text)
    SystemCoreClockUpdate                    0x0800069d   Thumb Code   106  system_stm32f10x.o(.text)
    Reset_Handler                            0x08000729   Thumb Code     8  startup_stm32f10x_hd.o(.text)
    ADC1_2_IRQHandler                        0x08000743   Thumb Code     0  startup_stm32f10x_hd.o(.text)
    ADC3_IRQHandler                          0x08000743   Thumb Code     0  startup_stm32f10x_hd.o(.text)
    CAN1_RX1_IRQHandler                      0x08000743   Thumb Code     0  startup_stm32f10x_hd.o(.text)
    CAN1_SCE_IRQHandler                      0x08000743   Thumb Code     0  startup_stm32f10x_hd.o(.text)
    DMA1_Channel1_IRQHandler                 0x08000743   Thumb Code     0  startup_stm32f10x_hd.o(.text)
    DMA1_Channel2_IRQHandler                 0x08000743   Thumb Code     0  startup_stm32f10x_hd.o(.text)
    DMA1_Channel3_IRQHandler                 0x08000743   Thumb Code     0  startup_stm32f10x_hd.o(.text)
    DMA1_Channel4_IRQHandler                 0x08000743   Thumb Code     0  startup_stm32f10x_hd.o(.text)
    DMA1_Channel5_IRQHandler                 0x08000743   Thumb Code     0  startup_stm32f10x_hd.o(.text)
    DMA1_Channel6_IRQHandler                 0x08000743   Thumb Code     0  startup_stm32f10x_hd.o(.text)
    DMA1_Channel7_IRQHandler                 0x08000743   Thumb Code     0  startup_stm32f10x_hd.o(.text)
    DMA2_Channel1_IRQHandler                 0x08000743   Thumb Code     0  startup_stm32f10x_hd.o(.text)
    DMA2_Channel2_IRQHandler                 0x08000743   Thumb Code     0  startup_stm32f10x_hd.o(.text)
    DMA2_Channel3_IRQHandler                 0x08000743   Thumb Code     0  startup_stm32f10x_hd.o(.text)
    DMA2_Channel4_5_IRQHandler               0x08000743   Thumb Code     0  startup_stm32f10x_hd.o(.text)
    EXTI0_IRQHandler                         0x08000743   Thumb Code     0  startup_stm32f10x_hd.o(.text)
    EXTI15_10_IRQHandler                     0x08000743   Thumb Code     0  startup_stm32f10x_hd.o(.text)
    EXTI1_IRQHandler                         0x08000743   Thumb Code     0  startup_stm32f10x_hd.o(.text)
    EXTI2_IRQHandler                         0x08000743   Thumb Code     0  startup_stm32f10x_hd.o(.text)
    EXTI3_IRQHandler                         0x08000743   Thumb Code     0  startup_stm32f10x_hd.o(.text)
    EXTI4_IRQHandler                         0x08000743   Thumb Code     0  startup_stm32f10x_hd.o(.text)
    EXTI9_5_IRQHandler                       0x08000743   Thumb Code     0  startup_stm32f10x_hd.o(.text)
    FLASH_IRQHandler                         0x08000743   Thumb Code     0  startup_stm32f10x_hd.o(.text)
    FSMC_IRQHandler                          0x08000743   Thumb Code     0  startup_stm32f10x_hd.o(.text)
    I2C1_ER_IRQHandler                       0x08000743   Thumb Code     0  startup_stm32f10x_hd.o(.text)
    I2C1_EV_IRQHandler                       0x08000743   Thumb Code     0  startup_stm32f10x_hd.o(.text)
    I2C2_ER_IRQHandler                       0x08000743   Thumb Code     0  startup_stm32f10x_hd.o(.text)
    I2C2_EV_IRQHandler                       0x08000743   Thumb Code     0  startup_stm32f10x_hd.o(.text)
    PVD_IRQHandler                           0x08000743   Thumb Code     0  startup_stm32f10x_hd.o(.text)
    RCC_IRQHandler                           0x08000743   Thumb Code     0  startup_stm32f10x_hd.o(.text)
    RTCAlarm_IRQHandler                      0x08000743   Thumb Code     0  startup_stm32f10x_hd.o(.text)
    RTC_IRQHandler                           0x08000743   Thumb Code     0  startup_stm32f10x_hd.o(.text)
    SDIO_IRQHandler                          0x08000743   Thumb Code     0  startup_stm32f10x_hd.o(.text)
    SPI1_IRQHandler                          0x08000743   Thumb Code     0  startup_stm32f10x_hd.o(.text)
    SPI2_IRQHandler                          0x08000743   Thumb Code     0  startup_stm32f10x_hd.o(.text)
    SPI3_IRQHandler                          0x08000743   Thumb Code     0  startup_stm32f10x_hd.o(.text)
    TAMPER_IRQHandler                        0x08000743   Thumb Code     0  startup_stm32f10x_hd.o(.text)
    TIM1_BRK_IRQHandler                      0x08000743   Thumb Code     0  startup_stm32f10x_hd.o(.text)
    TIM1_CC_IRQHandler                       0x08000743   Thumb Code     0  startup_stm32f10x_hd.o(.text)
    TIM1_TRG_COM_IRQHandler                  0x08000743   Thumb Code     0  startup_stm32f10x_hd.o(.text)
    TIM1_UP_IRQHandler                       0x08000743   Thumb Code     0  startup_stm32f10x_hd.o(.text)
    TIM2_IRQHandler                          0x08000743   Thumb Code     0  startup_stm32f10x_hd.o(.text)
    TIM3_IRQHandler                          0x08000743   Thumb Code     0  startup_stm32f10x_hd.o(.text)
    TIM4_IRQHandler                          0x08000743   Thumb Code     0  startup_stm32f10x_hd.o(.text)
    TIM8_BRK_IRQHandler                      0x08000743   Thumb Code     0  startup_stm32f10x_hd.o(.text)
    TIM8_CC_IRQHandler                       0x08000743   Thumb Code     0  startup_stm32f10x_hd.o(.text)
    TIM8_TRG_COM_IRQHandler                  0x08000743   Thumb Code     0  startup_stm32f10x_hd.o(.text)
    TIM8_UP_IRQHandler                       0x08000743   Thumb Code     0  startup_stm32f10x_hd.o(.text)
    UART4_IRQHandler                         0x08000743   Thumb Code     0  startup_stm32f10x_hd.o(.text)
    UART5_IRQHandler                         0x08000743   Thumb Code     0  startup_stm32f10x_hd.o(.text)
    USART2_IRQHandler                        0x08000743   Thumb Code     0  startup_stm32f10x_hd.o(.text)
    USART3_IRQHandler                        0x08000743   Thumb Code     0  startup_stm32f10x_hd.o(.text)
    USBWakeUp_IRQHandler                     0x08000743   Thumb Code     0  startup_stm32f10x_hd.o(.text)
    USB_HP_CAN1_TX_IRQHandler                0x08000743   Thumb Code     0  startup_stm32f10x_hd.o(.text)
    USB_LP_CAN1_RX0_IRQHandler               0x08000743   Thumb Code     0  startup_stm32f10x_hd.o(.text)
    WWDG_IRQHandler                          0x08000743   Thumb Code     0  startup_stm32f10x_hd.o(.text)
    NVIC_PriorityGroupConfig                 0x0800074d   Thumb Code    10  misc.o(.text)
    NVIC_Init                                0x08000757   Thumb Code    96  misc.o(.text)
    NVIC_SetVectorTable                      0x080007b7   Thumb Code    14  misc.o(.text)
    NVIC_SystemLPConfig                      0x080007c5   Thumb Code    24  misc.o(.text)
    SysTick_CLKSourceConfig                  0x080007dd   Thumb Code    28  misc.o(.text)
    GPIO_DeInit                              0x08000805   Thumb Code   188  stm32f10x_gpio.o(.text)
    GPIO_AFIODeInit                          0x080008c1   Thumb Code    22  stm32f10x_gpio.o(.text)
    GPIO_Init                                0x080008d7   Thumb Code   166  stm32f10x_gpio.o(.text)
    GPIO_StructInit                          0x0800097d   Thumb Code    16  stm32f10x_gpio.o(.text)
    GPIO_ReadInputDataBit                    0x0800098d   Thumb Code    14  stm32f10x_gpio.o(.text)
    GPIO_ReadInputData                       0x0800099b   Thumb Code     6  stm32f10x_gpio.o(.text)
    GPIO_ReadOutputDataBit                   0x080009a1   Thumb Code    14  stm32f10x_gpio.o(.text)
    GPIO_ReadOutputData                      0x080009af   Thumb Code     6  stm32f10x_gpio.o(.text)
    GPIO_SetBits                             0x080009b5   Thumb Code     4  stm32f10x_gpio.o(.text)
    GPIO_ResetBits                           0x080009b9   Thumb Code     4  stm32f10x_gpio.o(.text)
    GPIO_WriteBit                            0x080009bd   Thumb Code    12  stm32f10x_gpio.o(.text)
    GPIO_Write                               0x080009c9   Thumb Code     4  stm32f10x_gpio.o(.text)
    GPIO_PinLockConfig                       0x080009cd   Thumb Code    16  stm32f10x_gpio.o(.text)
    GPIO_EventOutputConfig                   0x080009dd   Thumb Code    22  stm32f10x_gpio.o(.text)
    GPIO_EventOutputCmd                      0x080009f3   Thumb Code     6  stm32f10x_gpio.o(.text)
    GPIO_PinRemapConfig                      0x080009f9   Thumb Code    86  stm32f10x_gpio.o(.text)
    GPIO_EXTILineConfig                      0x08000a4f   Thumb Code    34  stm32f10x_gpio.o(.text)
    GPIO_ETH_MediaInterfaceConfig            0x08000a71   Thumb Code     8  stm32f10x_gpio.o(.text)
    RCC_DeInit                               0x08000a9d   Thumb Code    50  stm32f10x_rcc.o(.text)
    RCC_HSEConfig                            0x08000acf   Thumb Code    50  stm32f10x_rcc.o(.text)
    RCC_GetFlagStatus                        0x08000b01   Thumb Code    42  stm32f10x_rcc.o(.text)
    RCC_WaitForHSEStartUp                    0x08000b2b   Thumb Code    48  stm32f10x_rcc.o(.text)
    RCC_AdjustHSICalibrationValue            0x08000b5b   Thumb Code    16  stm32f10x_rcc.o(.text)
    RCC_HSICmd                               0x08000b6b   Thumb Code     6  stm32f10x_rcc.o(.text)
    RCC_PLLConfig                            0x08000b71   Thumb Code    16  stm32f10x_rcc.o(.text)
    RCC_PLLCmd                               0x08000b81   Thumb Code     6  stm32f10x_rcc.o(.text)
    RCC_SYSCLKConfig                         0x08000b87   Thumb Code    14  stm32f10x_rcc.o(.text)
    RCC_GetSYSCLKSource                      0x08000b95   Thumb Code    10  stm32f10x_rcc.o(.text)
    RCC_HCLKConfig                           0x08000b9f   Thumb Code    14  stm32f10x_rcc.o(.text)
    RCC_PCLK1Config                          0x08000bad   Thumb Code    14  stm32f10x_rcc.o(.text)
    RCC_PCLK2Config                          0x08000bbb   Thumb Code    16  stm32f10x_rcc.o(.text)
    RCC_ITConfig                             0x08000bcb   Thumb Code    22  stm32f10x_rcc.o(.text)
    RCC_USBCLKConfig                         0x08000be1   Thumb Code     8  stm32f10x_rcc.o(.text)
    RCC_ADCCLKConfig                         0x08000be9   Thumb Code    14  stm32f10x_rcc.o(.text)
    RCC_LSEConfig                            0x08000bf7   Thumb Code    36  stm32f10x_rcc.o(.text)
    RCC_LSICmd                               0x08000c1b   Thumb Code     6  stm32f10x_rcc.o(.text)
    RCC_RTCCLKConfig                         0x08000c21   Thumb Code    10  stm32f10x_rcc.o(.text)
    RCC_RTCCLKCmd                            0x08000c2b   Thumb Code     8  stm32f10x_rcc.o(.text)
    RCC_GetClocksFreq                        0x08000c33   Thumb Code   154  stm32f10x_rcc.o(.text)
    RCC_AHBPeriphClockCmd                    0x08000ccd   Thumb Code    22  stm32f10x_rcc.o(.text)
    RCC_APB2PeriphClockCmd                   0x08000ce3   Thumb Code    22  stm32f10x_rcc.o(.text)
    RCC_APB1PeriphClockCmd                   0x08000cf9   Thumb Code    22  stm32f10x_rcc.o(.text)
    RCC_APB2PeriphResetCmd                   0x08000d0f   Thumb Code    22  stm32f10x_rcc.o(.text)
    RCC_APB1PeriphResetCmd                   0x08000d25   Thumb Code    22  stm32f10x_rcc.o(.text)
    RCC_BackupResetCmd                       0x08000d3b   Thumb Code     8  stm32f10x_rcc.o(.text)
    RCC_ClockSecuritySystemCmd               0x08000d43   Thumb Code     6  stm32f10x_rcc.o(.text)
    RCC_MCOConfig                            0x08000d49   Thumb Code     6  stm32f10x_rcc.o(.text)
    RCC_ClearFlag                            0x08000d4f   Thumb Code    12  stm32f10x_rcc.o(.text)
    RCC_GetITStatus                          0x08000d5b   Thumb Code    16  stm32f10x_rcc.o(.text)
    RCC_ClearITPendingBit                    0x08000d6b   Thumb Code     6  stm32f10x_rcc.o(.text)
    TIM_DeInit                               0x08000d91   Thumb Code   464  stm32f10x_tim.o(.text)
    TIM_TimeBaseInit                         0x08000f61   Thumb Code   114  stm32f10x_tim.o(.text)
    TIM_OC1Init                              0x08000fd3   Thumb Code   114  stm32f10x_tim.o(.text)
    TIM_OC2Init                              0x08001045   Thumb Code   128  stm32f10x_tim.o(.text)
    TIM_OC3Init                              0x080010c5   Thumb Code   124  stm32f10x_tim.o(.text)
    TIM_OC4Init                              0x08001141   Thumb Code   160  stm32f10x_tim.o(.text)
    TIM_SetIC4Prescaler                      0x080011e1   Thumb Code    24  stm32f10x_tim.o(.text)
    TIM_SetIC3Prescaler                      0x0800125f   Thumb Code    16  stm32f10x_tim.o(.text)
    TIM_SetIC2Prescaler                      0x080012d1   Thumb Code    24  stm32f10x_tim.o(.text)
    TIM_SetIC1Prescaler                      0x0800134f   Thumb Code    16  stm32f10x_tim.o(.text)
    TIM_ICInit                               0x080013bd   Thumb Code   114  stm32f10x_tim.o(.text)
    TIM_PWMIConfig                           0x0800142f   Thumb Code   106  stm32f10x_tim.o(.text)
    TIM_BDTRConfig                           0x08001499   Thumb Code    34  stm32f10x_tim.o(.text)
    TIM_TimeBaseStructInit                   0x080014bb   Thumb Code    18  stm32f10x_tim.o(.text)
    TIM_OCStructInit                         0x080014cd   Thumb Code    20  stm32f10x_tim.o(.text)
    TIM_ICStructInit                         0x080014e1   Thumb Code    16  stm32f10x_tim.o(.text)
    TIM_BDTRStructInit                       0x080014f1   Thumb Code    18  stm32f10x_tim.o(.text)
    TIM_Cmd                                  0x08001503   Thumb Code    24  stm32f10x_tim.o(.text)
    TIM_CtrlPWMOutputs                       0x0800151b   Thumb Code    28  stm32f10x_tim.o(.text)
    TIM_ITConfig                             0x08001537   Thumb Code    20  stm32f10x_tim.o(.text)
    TIM_GenerateEvent                        0x0800154b   Thumb Code     4  stm32f10x_tim.o(.text)
    TIM_DMAConfig                            0x0800154f   Thumb Code     8  stm32f10x_tim.o(.text)
    TIM_DMACmd                               0x08001557   Thumb Code    20  stm32f10x_tim.o(.text)
    TIM_InternalClockConfig                  0x0800156b   Thumb Code    10  stm32f10x_tim.o(.text)
    TIM_SelectInputTrigger                   0x08001575   Thumb Code    12  stm32f10x_tim.o(.text)
    TIM_ITRxExternalClockConfig              0x08001581   Thumb Code    20  stm32f10x_tim.o(.text)
    TIM_TIxExternalClockConfig               0x08001595   Thumb Code    48  stm32f10x_tim.o(.text)
    TIM_ETRConfig                            0x080015c5   Thumb Code    24  stm32f10x_tim.o(.text)
    TIM_ETRClockMode1Config                  0x080015dd   Thumb Code    52  stm32f10x_tim.o(.text)
    TIM_ETRClockMode2Config                  0x08001611   Thumb Code    20  stm32f10x_tim.o(.text)
    TIM_PrescalerConfig                      0x08001625   Thumb Code     6  stm32f10x_tim.o(.text)
    TIM_CounterModeConfig                    0x0800162b   Thumb Code    12  stm32f10x_tim.o(.text)
    TIM_EncoderInterfaceConfig               0x08001637   Thumb Code    50  stm32f10x_tim.o(.text)
    TIM_ForcedOC1Config                      0x08001669   Thumb Code    12  stm32f10x_tim.o(.text)
    TIM_ForcedOC2Config                      0x08001675   Thumb Code    20  stm32f10x_tim.o(.text)
    TIM_ForcedOC3Config                      0x08001689   Thumb Code    12  stm32f10x_tim.o(.text)
    TIM_ForcedOC4Config                      0x08001695   Thumb Code    20  stm32f10x_tim.o(.text)
    TIM_ARRPreloadConfig                     0x080016a9   Thumb Code    24  stm32f10x_tim.o(.text)
    TIM_SelectCOM                            0x080016c1   Thumb Code    24  stm32f10x_tim.o(.text)
    TIM_SelectCCDMA                          0x080016d9   Thumb Code    24  stm32f10x_tim.o(.text)
    TIM_CCPreloadControl                     0x080016f1   Thumb Code    24  stm32f10x_tim.o(.text)
    TIM_OC1PreloadConfig                     0x08001709   Thumb Code    12  stm32f10x_tim.o(.text)
    TIM_OC2PreloadConfig                     0x08001715   Thumb Code    20  stm32f10x_tim.o(.text)
    TIM_OC3PreloadConfig                     0x08001729   Thumb Code    12  stm32f10x_tim.o(.text)
    TIM_OC4PreloadConfig                     0x08001735   Thumb Code    20  stm32f10x_tim.o(.text)
    TIM_OC1FastConfig                        0x08001749   Thumb Code    12  stm32f10x_tim.o(.text)
    TIM_OC2FastConfig                        0x08001755   Thumb Code    20  stm32f10x_tim.o(.text)
    TIM_OC3FastConfig                        0x08001769   Thumb Code    12  stm32f10x_tim.o(.text)
    TIM_OC4FastConfig                        0x08001775   Thumb Code    20  stm32f10x_tim.o(.text)
    TIM_ClearOC1Ref                          0x08001789   Thumb Code    12  stm32f10x_tim.o(.text)
    TIM_ClearOC2Ref                          0x08001795   Thumb Code    20  stm32f10x_tim.o(.text)
    TIM_ClearOC3Ref                          0x080017a9   Thumb Code    12  stm32f10x_tim.o(.text)
    TIM_ClearOC4Ref                          0x080017b5   Thumb Code    20  stm32f10x_tim.o(.text)
    TIM_OC1PolarityConfig                    0x080017c9   Thumb Code    12  stm32f10x_tim.o(.text)
    TIM_OC1NPolarityConfig                   0x080017d5   Thumb Code    12  stm32f10x_tim.o(.text)
    TIM_OC2PolarityConfig                    0x080017e1   Thumb Code    20  stm32f10x_tim.o(.text)
    TIM_OC2NPolarityConfig                   0x080017f5   Thumb Code    20  stm32f10x_tim.o(.text)
    TIM_OC3PolarityConfig                    0x08001809   Thumb Code    20  stm32f10x_tim.o(.text)
    TIM_OC3NPolarityConfig                   0x0800181d   Thumb Code    20  stm32f10x_tim.o(.text)
    TIM_OC4PolarityConfig                    0x08001831   Thumb Code    20  stm32f10x_tim.o(.text)
    TIM_CCxCmd                               0x08001845   Thumb Code    22  stm32f10x_tim.o(.text)
    TIM_CCxNCmd                              0x0800185b   Thumb Code    22  stm32f10x_tim.o(.text)
    TIM_SelectOCxM                           0x08001871   Thumb Code    76  stm32f10x_tim.o(.text)
    TIM_UpdateDisableConfig                  0x080018bd   Thumb Code    24  stm32f10x_tim.o(.text)
    TIM_UpdateRequestConfig                  0x080018d5   Thumb Code    24  stm32f10x_tim.o(.text)
    TIM_SelectHallSensor                     0x080018ed   Thumb Code    24  stm32f10x_tim.o(.text)
    TIM_SelectOnePulseMode                   0x08001905   Thumb Code    16  stm32f10x_tim.o(.text)
    TIM_SelectOutputTrigger                  0x08001915   Thumb Code    16  stm32f10x_tim.o(.text)
    TIM_SelectSlaveMode                      0x08001925   Thumb Code    16  stm32f10x_tim.o(.text)
    TIM_SelectMasterSlaveMode                0x08001935   Thumb Code    16  stm32f10x_tim.o(.text)
    TIM_SetCounter                           0x08001945   Thumb Code     4  stm32f10x_tim.o(.text)
    TIM_SetAutoreload                        0x08001949   Thumb Code     4  stm32f10x_tim.o(.text)
    TIM_SetCompare1                          0x0800194d   Thumb Code     4  stm32f10x_tim.o(.text)
    TIM_SetCompare2                          0x08001951   Thumb Code     4  stm32f10x_tim.o(.text)
    TIM_SetCompare3                          0x08001955   Thumb Code     4  stm32f10x_tim.o(.text)
    TIM_SetCompare4                          0x08001959   Thumb Code     6  stm32f10x_tim.o(.text)
    TIM_SetClockDivision                     0x0800195f   Thumb Code    16  stm32f10x_tim.o(.text)
    TIM_GetCapture1                          0x0800196f   Thumb Code     4  stm32f10x_tim.o(.text)
    TIM_GetCapture2                          0x08001973   Thumb Code     4  stm32f10x_tim.o(.text)
    TIM_GetCapture3                          0x08001977   Thumb Code     4  stm32f10x_tim.o(.text)
    TIM_GetCapture4                          0x0800197b   Thumb Code     6  stm32f10x_tim.o(.text)
    TIM_GetCounter                           0x08001981   Thumb Code     4  stm32f10x_tim.o(.text)
    TIM_GetPrescaler                         0x08001985   Thumb Code     4  stm32f10x_tim.o(.text)
    TIM_GetFlagStatus                        0x08001989   Thumb Code    14  stm32f10x_tim.o(.text)
    TIM_ClearFlag                            0x08001997   Thumb Code     6  stm32f10x_tim.o(.text)
    TIM_GetITStatus                          0x0800199d   Thumb Code    24  stm32f10x_tim.o(.text)
    TIM_ClearITPendingBit                    0x080019b5   Thumb Code     6  stm32f10x_tim.o(.text)
    USART_DeInit                             0x080019bd   Thumb Code   144  stm32f10x_usart.o(.text)
    USART_Init                               0x08001a4d   Thumb Code   182  stm32f10x_usart.o(.text)
    USART_StructInit                         0x08001b03   Thumb Code    22  stm32f10x_usart.o(.text)
    USART_ClockInit                          0x08001b19   Thumb Code    30  stm32f10x_usart.o(.text)
    USART_ClockStructInit                    0x08001b37   Thumb Code    12  stm32f10x_usart.o(.text)
    USART_Cmd                                0x08001b43   Thumb Code    24  stm32f10x_usart.o(.text)
    USART_ITConfig                           0x08001b5b   Thumb Code    54  stm32f10x_usart.o(.text)
    USART_DMACmd                             0x08001b91   Thumb Code    20  stm32f10x_usart.o(.text)
    USART_SetAddress                         0x08001ba5   Thumb Code    16  stm32f10x_usart.o(.text)
    USART_WakeUpConfig                       0x08001bb5   Thumb Code    16  stm32f10x_usart.o(.text)
    USART_ReceiverWakeUpCmd                  0x08001bc5   Thumb Code    24  stm32f10x_usart.o(.text)
    USART_LINBreakDetectLengthConfig         0x08001bdd   Thumb Code    16  stm32f10x_usart.o(.text)
    USART_LINCmd                             0x08001bed   Thumb Code    24  stm32f10x_usart.o(.text)
    USART_SendData                           0x08001c05   Thumb Code     8  stm32f10x_usart.o(.text)
    USART_ReceiveData                        0x08001c0d   Thumb Code     8  stm32f10x_usart.o(.text)
    USART_SendBreak                          0x08001c15   Thumb Code    10  stm32f10x_usart.o(.text)
    USART_SetGuardTime                       0x08001c1f   Thumb Code    16  stm32f10x_usart.o(.text)
    USART_SetPrescaler                       0x08001c2f   Thumb Code    16  stm32f10x_usart.o(.text)
    USART_SmartCardCmd                       0x08001c3f   Thumb Code    24  stm32f10x_usart.o(.text)
    USART_SmartCardNACKCmd                   0x08001c57   Thumb Code    24  stm32f10x_usart.o(.text)
    USART_HalfDuplexCmd                      0x08001c6f   Thumb Code    24  stm32f10x_usart.o(.text)
    USART_OverSampling8Cmd                   0x08001c87   Thumb Code    24  stm32f10x_usart.o(.text)
    USART_OneBitMethodCmd                    0x08001c9f   Thumb Code    24  stm32f10x_usart.o(.text)
    USART_IrDAConfig                         0x08001cb7   Thumb Code    16  stm32f10x_usart.o(.text)
    USART_IrDACmd                            0x08001cc7   Thumb Code    24  stm32f10x_usart.o(.text)
    USART_GetFlagStatus                      0x08001cdf   Thumb Code    14  stm32f10x_usart.o(.text)
    USART_ClearFlag                          0x08001ced   Thumb Code     8  stm32f10x_usart.o(.text)
    USART_GetITStatus                        0x08001cf5   Thumb Code    64  stm32f10x_usart.o(.text)
    USART_ClearITPendingBit                  0x08001d35   Thumb Code    16  stm32f10x_usart.o(.text)
    delay_init                               0x08001d59   Thumb Code    46  delay.o(.text)
    delay_us                                 0x08001d87   Thumb Code    46  delay.o(.text)
    delay_ms                                 0x08001db5   Thumb Code    46  delay.o(.text)
    _sys_exit                                0x08001df1   Thumb Code     2  usart.o(.text)
    fputc                                    0x08001df3   Thumb Code    18  usart.o(.text)
    uart_init                                0x08001e05   Thumb Code   152  usart.o(.text)
    USART1_IRQHandler                        0x08001e9d   Thumb Code    92  usart.o(.text)
    LED_Init                                 0x08001f09   Thumb Code    54  led.o(.text)
    LED0_ON                                  0x08001f3f   Thumb Code    10  led.o(.text)
    LED0_OFF                                 0x08001f49   Thumb Code    10  led.o(.text)
    LED1_ON                                  0x08001f53   Thumb Code     8  led.o(.text)
    LED1_OFF                                 0x08001f5b   Thumb Code     8  led.o(.text)
    LED0_TOG                                 0x08001f63   Thumb Code    14  led.o(.text)
    LED1_TOG                                 0x08001f71   Thumb Code    14  led.o(.text)
    HCSR04_Init                              0x08001f89   Thumb Code   162  hcsr04.o(.text)
    HCSR04_GetDistance                       0x0800202b   Thumb Code   116  hcsr04.o(.text)
    MOTOR_SingleInit                         0x080020ad   Thumb Code   206  motor.o(.text)
    MOTOR_SetSpeed                           0x0800217b   Thumb Code     8  motor.o(.text)
    MOTOR_SetDirection                       0x08002183   Thumb Code   102  motor.o(.text)
    MOTOR_Set                                0x080021e9   Thumb Code    22  motor.o(.text)
    __aeabi_fdiv                             0x080021ff   Thumb Code   124  fdiv.o(.text)
    __aeabi_dadd                             0x0800227b   Thumb Code   322  dadd.o(.text)
    __aeabi_dsub                             0x080023bd   Thumb Code     6  dadd.o(.text)
    __aeabi_drsub                            0x080023c3   Thumb Code     6  dadd.o(.text)
    __aeabi_dmul                             0x080023c9   Thumb Code   228  dmul.o(.text)
    __aeabi_ddiv                             0x080024ad   Thumb Code   222  ddiv.o(.text)
    __aeabi_i2f                              0x0800258b   Thumb Code    18  fflti.o(.text)
    __aeabi_f2d                              0x0800259d   Thumb Code    38  f2d.o(.text)
    __aeabi_cdcmpeq                          0x080025c5   Thumb Code     0  cdcmple.o(.text)
    __aeabi_cdcmple                          0x080025c5   Thumb Code    48  cdcmple.o(.text)
    __aeabi_cdrcmple                         0x080025f5   Thumb Code    48  cdrcmple.o(.text)
    __aeabi_uidiv                            0x08002625   Thumb Code     0  uidiv.o(.text)
    __aeabi_uidivmod                         0x08002625   Thumb Code    44  uidiv.o(.text)
    __aeabi_uldivmod                         0x08002651   Thumb Code    98  uldiv.o(.text)
    __aeabi_llsl                             0x080026b3   Thumb Code    30  llshl.o(.text)
    _ll_shift_l                              0x080026b3   Thumb Code     0  llshl.o(.text)
    __aeabi_lasr                             0x080026d1   Thumb Code    36  llsshr.o(.text)
    _ll_sshift_r                             0x080026d1   Thumb Code     0  llsshr.o(.text)
    __I$use$fp                               0x080026f5   Thumb Code     0  iusefp.o(.text)
    _float_round                             0x080026f5   Thumb Code    18  fepilogue.o(.text)
    _float_epilogue                          0x08002707   Thumb Code    92  fepilogue.o(.text)
    _double_round                            0x08002763   Thumb Code    30  depilogue.o(.text)
    _double_epilogue                         0x08002781   Thumb Code   156  depilogue.o(.text)
    _dsqrt                                   0x0800281d   Thumb Code   162  dsqrt.o(.text)
    __aeabi_d2ulz                            0x080028bf   Thumb Code    48  dfixul.o(.text)
    __scatterload                            0x080028f1   Thumb Code    28  init.o(.text)
    __scatterload_rt2                        0x080028f1   Thumb Code     0  init.o(.text)
    __aeabi_llsr                             0x08002915   Thumb Code    32  llushr.o(.text)
    _ll_ushift_r                             0x08002915   Thumb Code     0  llushr.o(.text)
    __0printf                                0x08002935   Thumb Code    22  printfa.o(i.__0printf)
    __1printf                                0x08002935   Thumb Code     0  printfa.o(i.__0printf)
    __2printf                                0x08002935   Thumb Code     0  printfa.o(i.__0printf)
    __c89printf                              0x08002935   Thumb Code     0  printfa.o(i.__0printf)
    printf                                   0x08002935   Thumb Code     0  printfa.o(i.__0printf)
    __scatterload_copy                       0x08002955   Thumb Code    14  handlers.o(i.__scatterload_copy)
    __scatterload_null                       0x08002963   Thumb Code     2  handlers.o(i.__scatterload_null)
    __scatterload_zeroinit                   0x08002965   Thumb Code    14  handlers.o(i.__scatterload_zeroinit)
    __set_errno                              0x08002975   Thumb Code     6  errno.o(i.__set_errno)
    sqrt                                     0x08003213   Thumb Code    76  sqrt.o(i.sqrt)
    Region$$Table$$Base                      0x08003724   Number         0  anon$$obj.o(Region$$Table)
    Region$$Table$$Limit                     0x08003744   Number         0  anon$$obj.o(Region$$Table)
    d_f                                      0x20000000   Data           8  main.o(.data)
    d_l                                      0x20000008   Data           8  main.o(.data)
    d_r                                      0x20000010   Data           8  main.o(.data)
    SystemCoreClock                          0x20000018   Data           4  system_stm32f10x.o(.data)
    AHBPrescTable                            0x2000001c   Data          16  system_stm32f10x.o(.data)
    USART_RX_STA                             0x20000044   Data           2  usart.o(.data)
    __stdout                                 0x20000048   Data           4  usart.o(.data)
    front                                    0x20000050   Data          56  main.o(.bss)
    left                                     0x20000088   Data          56  main.o(.bss)
    right                                    0x200000c0   Data          56  main.o(.bss)
    motor_l                                  0x200000f8   Data          56  main.o(.bss)
    motor_r                                  0x20000130   Data          56  main.o(.bss)
    USART_RX_BUF                             0x20000168   Data         200  usart.o(.bss)
    __initial_sp                             0x20000630   Data           0  startup_stm32f10x_hd.o(STACK)



==============================================================================

Memory Map of the image

  Image Entry point : 0x08000131

  Load Region LR_IROM1 (Base: 0x08000000, Size: 0x00003794, Max: 0x00040000, ABSOLUTE)

    Execution Region ER_IROM1 (Exec base: 0x08000000, Load base: 0x08000000, Size: 0x00003744, Max: 0x00040000, ABSOLUTE)

    Exec Addr    Load Addr    Size         Type   Attr      Idx    E Section Name        Object

    0x08000000   0x08000000   0x00000130   Data   RO          193    RESET               startup_stm32f10x_hd.o
    0x08000130   0x08000130   0x00000000   Code   RO          655  * .ARM.Collect$$$$00000000  mc_w.l(entry.o)
    0x08000130   0x08000130   0x00000004   Code   RO          963    .ARM.Collect$$$$00000001  mc_w.l(entry2.o)
    0x08000134   0x08000134   0x00000004   Code   RO          966    .ARM.Collect$$$$00000004  mc_w.l(entry5.o)
    0x08000138   0x08000138   0x00000000   Code   RO          968    .ARM.Collect$$$$00000008  mc_w.l(entry7b.o)
    0x08000138   0x08000138   0x00000000   Code   RO          970    .ARM.Collect$$$$0000000A  mc_w.l(entry8b.o)
    0x08000138   0x08000138   0x00000008   Code   RO          971    .ARM.Collect$$$$0000000B  mc_w.l(entry9a.o)
    0x08000140   0x08000140   0x00000000   Code   RO          973    .ARM.Collect$$$$0000000D  mc_w.l(entry10a.o)
    0x08000140   0x08000140   0x00000000   Code   RO          975    .ARM.Collect$$$$0000000F  mc_w.l(entry11a.o)
    0x08000140   0x08000140   0x00000004   Code   RO          964    .ARM.Collect$$$$00002712  mc_w.l(entry2.o)
    0x08000144   0x08000144   0x0000045c   Code   RO            1    .text               main.o
    0x080005a0   0x080005a0   0x00000012   Code   RO          147    .text               stm32f10x_it.o
    0x080005b2   0x080005b2   0x00000002   PAD
    0x080005b4   0x080005b4   0x00000174   Code   RO          162    .text               system_stm32f10x.o
    0x08000728   0x08000728   0x00000024   Code   RO          194    .text               startup_stm32f10x_hd.o
    0x0800074c   0x0800074c   0x000000b8   Code   RO          198    .text               misc.o
    0x08000804   0x08000804   0x00000298   Code   RO          368    .text               stm32f10x_gpio.o
    0x08000a9c   0x08000a9c   0x000002f4   Code   RO          416    .text               stm32f10x_rcc.o
    0x08000d90   0x08000d90   0x00000c2a   Code   RO          466    .text               stm32f10x_tim.o
    0x080019ba   0x080019ba   0x00000002   PAD
    0x080019bc   0x080019bc   0x0000039c   Code   RO          478    .text               stm32f10x_usart.o
    0x08001d58   0x08001d58   0x00000098   Code   RO          502    .text               delay.o
    0x08001df0   0x08001df0   0x00000118   Code   RO          532    .text               usart.o
    0x08001f08   0x08001f08   0x00000080   Code   RO          572    .text               led.o
    0x08001f88   0x08001f88   0x00000124   Code   RO          604    .text               hcsr04.o
    0x080020ac   0x080020ac   0x00000152   Code   RO          619    .text               motor.o
    0x080021fe   0x080021fe   0x0000007c   Code   RO          947    .text               mf_w.l(fdiv.o)
    0x0800227a   0x0800227a   0x0000014e   Code   RO          949    .text               mf_w.l(dadd.o)
    0x080023c8   0x080023c8   0x000000e4   Code   RO          951    .text               mf_w.l(dmul.o)
    0x080024ac   0x080024ac   0x000000de   Code   RO          953    .text               mf_w.l(ddiv.o)
    0x0800258a   0x0800258a   0x00000012   Code   RO          955    .text               mf_w.l(fflti.o)
    0x0800259c   0x0800259c   0x00000026   Code   RO          957    .text               mf_w.l(f2d.o)
    0x080025c2   0x080025c2   0x00000002   PAD
    0x080025c4   0x080025c4   0x00000030   Code   RO          959    .text               mf_w.l(cdcmple.o)
    0x080025f4   0x080025f4   0x00000030   Code   RO          961    .text               mf_w.l(cdrcmple.o)
    0x08002624   0x08002624   0x0000002c   Code   RO          977    .text               mc_w.l(uidiv.o)
    0x08002650   0x08002650   0x00000062   Code   RO          979    .text               mc_w.l(uldiv.o)
    0x080026b2   0x080026b2   0x0000001e   Code   RO          981    .text               mc_w.l(llshl.o)
    0x080026d0   0x080026d0   0x00000024   Code   RO          983    .text               mc_w.l(llsshr.o)
    0x080026f4   0x080026f4   0x00000000   Code   RO          998    .text               mc_w.l(iusefp.o)
    0x080026f4   0x080026f4   0x0000006e   Code   RO          999    .text               mf_w.l(fepilogue.o)
    0x08002762   0x08002762   0x000000ba   Code   RO         1001    .text               mf_w.l(depilogue.o)
    0x0800281c   0x0800281c   0x000000a2   Code   RO         1003    .text               mf_w.l(dsqrt.o)
    0x080028be   0x080028be   0x00000030   Code   RO         1005    .text               mf_w.l(dfixul.o)
    0x080028ee   0x080028ee   0x00000002   PAD
    0x080028f0   0x080028f0   0x00000024   Code   RO         1007    .text               mc_w.l(init.o)
    0x08002914   0x08002914   0x00000020   Code   RO         1009    .text               mc_w.l(llushr.o)
    0x08002934   0x08002934   0x00000020   Code   RO          891    i.__0printf         mc_w.l(printfa.o)
    0x08002954   0x08002954   0x0000000e   Code   RO         1013    i.__scatterload_copy  mc_w.l(handlers.o)
    0x08002962   0x08002962   0x00000002   Code   RO         1014    i.__scatterload_null  mc_w.l(handlers.o)
    0x08002964   0x08002964   0x0000000e   Code   RO         1015    i.__scatterload_zeroinit  mc_w.l(handlers.o)
    0x08002972   0x08002972   0x00000002   PAD
    0x08002974   0x08002974   0x0000000c   Code   RO          993    i.__set_errno       mc_w.l(errno.o)
    0x08002980   0x08002980   0x00000164   Code   RO          898    i._fp_digits        mc_w.l(printfa.o)
    0x08002ae4   0x08002ae4   0x000006dc   Code   RO          899    i._printf_core      mc_w.l(printfa.o)
    0x080031c0   0x080031c0   0x00000024   Code   RO          900    i._printf_post_padding  mc_w.l(printfa.o)
    0x080031e4   0x080031e4   0x0000002e   Code   RO          901    i._printf_pre_padding  mc_w.l(printfa.o)
    0x08003212   0x08003212   0x0000004c   Code   RO          648    i.sqrt              m_ws.l(sqrt.o)
    0x0800325e   0x0800325e   0x00000002   PAD
    0x08003260   0x08003260   0x000004c3   Data   RO            3    .conststring        main.o
    0x08003723   0x08003723   0x00000001   PAD
    0x08003724   0x08003724   0x00000020   Data   RO         1011    Region$$Table       anon$$obj.o


    Execution Region RW_IRAM1 (Exec base: 0x20000000, Load base: 0x08003744, Size: 0x00000630, Max: 0x0000c000, ABSOLUTE)

    Exec Addr    Load Addr    Size         Type   Attr      Idx    E Section Name        Object

    0x20000000   0x08003744   0x00000018   Data   RW            4    .data               main.o
    0x20000018   0x0800375c   0x00000014   Data   RW          163    .data               system_stm32f10x.o
    0x2000002c   0x08003770   0x00000014   Data   RW          417    .data               stm32f10x_rcc.o
    0x20000040   0x08003784   0x00000004   Data   RW          503    .data               delay.o
    0x20000044   0x08003788   0x00000002   Data   RW          534    .data               usart.o
    0x20000046   0x0800378a   0x00000002   PAD
    0x20000048   0x0800378c   0x00000004   Data   RW          535    .data               usart.o
    0x2000004c   0x08003790   0x00000004   Data   RW          994    .data               mc_w.l(errno.o)
    0x20000050        -       0x00000118   Zero   RW            2    .bss                main.o
    0x20000168        -       0x000000c8   Zero   RW          533    .bss                usart.o
    0x20000230        -       0x00000400   Zero   RW          191    STACK               startup_stm32f10x_hd.o


==============================================================================

Image component sizes


      Code (inc. data)   RO Data    RW Data    ZI Data      Debug   Object Name

         0          0          0          0          0         32   core_cm3.o
       152         14          0          4          0       1067   delay.o
       292         14          0          0          0       2149   hcsr04.o
       128         10          0          0          0       1047   led.o
      1116        118       1219         24        280     255464   main.o
       184         12          0          0          0     206757   misc.o
       338          0          0          0          0       2723   motor.o
        36          8        304          0       1024        804   startup_stm32f10x_hd.o
       664         36          0          0          0       6233   stm32f10x_gpio.o
        18          0          0          0          0       1174   stm32f10x_it.o
       756         32          0         20          0       9376   stm32f10x_rcc.o
      3114         84          0          0          0      25008   stm32f10x_tim.o
       924         20          0          0          0       9180   stm32f10x_usart.o
       372         34          0         20          0       1819   system_stm32f10x.o
       280         16          0          6        200       3218   usart.o

    ----------------------------------------------------------------------
      8378        398       1556         76       1504     526051   Object Totals
         0          0         32          0          0          0   (incl. Generated)
         4          0          1          2          0          0   (incl. Padding)

    ----------------------------------------------------------------------

      Code (inc. data)   RO Data    RW Data    ZI Data      Debug   Library Member Name

        76          0          0          0          0         84   sqrt.o
         0          0          0          0          0          0   entry.o
         0          0          0          0          0          0   entry10a.o
         0          0          0          0          0          0   entry11a.o
         8          4          0          0          0          0   entry2.o
         4          0          0          0          0          0   entry5.o
         0          0          0          0          0          0   entry7b.o
         0          0          0          0          0          0   entry8b.o
         8          4          0          0          0          0   entry9a.o
        12          6          0          4          0         68   errno.o
        30          0          0          0          0          0   handlers.o
        36          8          0          0          0         68   init.o
         0          0          0          0          0          0   iusefp.o
        30          0          0          0          0         68   llshl.o
        36          0          0          0          0         68   llsshr.o
        32          0          0          0          0         68   llushr.o
      2226         90          0          0          0        444   printfa.o
        44          0          0          0          0         80   uidiv.o
        98          0          0          0          0         92   uldiv.o
        48          0          0          0          0         68   cdcmple.o
        48          0          0          0          0         68   cdrcmple.o
       334          0          0          0          0        148   dadd.o
       222          0          0          0          0        100   ddiv.o
       186          0          0          0          0        176   depilogue.o
        48          0          0          0          0         68   dfixul.o
       228          0          0          0          0         96   dmul.o
       162          0          0          0          0        100   dsqrt.o
        38          0          0          0          0         68   f2d.o
       124          0          0          0          0         88   fdiv.o
       110          0          0          0          0        168   fepilogue.o
        18          0          0          0          0         68   fflti.o

    ----------------------------------------------------------------------
      4214        112          0          4          0       2256   Library Totals
         8          0          0          0          0          0   (incl. Padding)

    ----------------------------------------------------------------------

      Code (inc. data)   RO Data    RW Data    ZI Data      Debug   Library Name

        76          0          0          0          0         84   m_ws.l
      2564        112          0          4          0        956   mc_w.l
      1566          0          0          0          0       1216   mf_w.l

    ----------------------------------------------------------------------
      4214        112          0          4          0       2256   Library Totals

    ----------------------------------------------------------------------

==============================================================================


      Code (inc. data)   RO Data    RW Data    ZI Data      Debug   

     12592        510       1556         80       1504     525963   Grand Totals
     12592        510       1556         80       1504     525963   ELF Image Totals
     12592        510       1556         80          0          0   ROM Totals

==============================================================================

    Total RO  Size (Code + RO Data)                14148 (  13.82kB)
    Total RW  Size (RW Data + ZI Data)              1584 (   1.55kB)
    Total ROM Size (Code + RO Data + RW Data)      14228 (  13.89kB)

==============================================================================

